ESP-ROM:esp32s3-20210327
Build:Mar 27 2021
rst:0x15 (USB_UART_CHIP_RESET),boot:0xb (SPI_FAST_FLASH_BOOT)
Saved PC:0x40048dfe
SPIWP:0xee
mode:DIO, clock div:1
load:0x3fce2820,len:0x1a00
load:0x403c8700,len:0x4
load:0x403c8704,len:0xec4
load:0x403cb700,len:0x314c
entry 0x403c8950
[0;32mI (26) boot: ESP-IDF v5.4-dev-3489-g6e5a178b31-dirty 2nd stage bootloader[0m
[0;32mI (27) boot: compile time Oct 10 2024 14:36:50[0m
[0;32mI (28) boot: Multicore bootloader[0m
[0;32mI (32) boot: chip revision: v0.1[0m
[0;32mI (36) boot: efuse block revision: v1.2[0m
[0;32mI (40) qio_mode: Enabling default flash chip QIO[0m
[0;32mI (45) boot.esp32s3: Boot SPI Speed : 80MHz[0m
[0;32mI (50) boot.esp32s3: SPI Mode       : QIO[0m
[0;32mI (55) boot.esp32s3: SPI Flash Size : 16MB[0m
[0;32mI (60) boot: Enabling RNG early entropy source...[0m
[0;32mI (65) boot: Partition Table:[0m
[0;32mI (69) boot: ## Label            Usage          Type ST Offset   Length[0m
[0;32mI (76) boot:  0 nvs              WiFi data        01 02 00009000 00006000[0m
[0;32mI (84) boot:  1 phy_init         RF data          01 01 0000f000 00001000[0m
[0;32mI (91) boot:  2 factory          factory app      00 00 00010000 00300000[0m
[0;32mI (99) boot: End of partition table[0m
[0;32mI (103) esp_image: segment 0: paddr=00010020 vaddr=3c050020 size=1cb78h (117624) map[0m
[0;32mI (129) esp_image: segment 1: paddr=0002cba0 vaddr=3fc97700 size=03308h ( 13064) load[0m
[0;32mI (131) esp_image: segment 2: paddr=0002feb0 vaddr=40378000 size=00168h (   360) load[0m
[0;32mI (135) esp_image: segment 3: paddr=00030020 vaddr=42000020 size=4e454h (320596) map[0m
[0;32mI (191) esp_image: segment 4: paddr=0007e47c vaddr=40378168 size=0f54ch ( 62796) load[0m
[0;32mI (203) esp_image: segment 5: paddr=0008d9d0 vaddr=600fe100 size=00018h (    24) load[0m
[0;32mI (209) boot: Loaded app from partition at offset 0x10000[0m
[0;32mI (210) boot: Disabling RNG early entropy source...[0m
[0;32mI (223) octal_psram: ECC is enabled[0m
[0;32mI (224) octal_psram: vendor id    : 0x0d (AP)[0m
[0;32mI (224) octal_psram: dev id       : 0x02 (generation 3)[0m
[0;32mI (227) octal_psram: density      : 0x03 (64 Mbit)[0m
[0;32mI (233) octal_psram: good-die     : 0x01 (Pass)[0m
[0;32mI (238) octal_psram: Latency      : 0x01 (Fixed)[0m
[0;32mI (243) octal_psram: VCC          : 0x01 (3V)[0m
[0;32mI (248) octal_psram: SRF          : 0x01 (Fast Refresh)[0m
[0;32mI (254) octal_psram: BurstType    : 0x00 ( Wrap)[0m
[0;32mI (259) octal_psram: BurstLen     : 0x03 (1024 Byte)[0m
[0;32mI (265) octal_psram: Readlatency  : 0x02 (10 cycles@Fixed)[0m
[0;32mI (271) octal_psram: DriveStrength: 0x00 (1/1)[0m
[0;32mI (277) MSPI Timing: PSRAM timing tuning index: 5[0m
[0;32mI (282) esp_psram: Found 8MB PSRAM device[0m
[0;32mI (286) esp_psram: Speed: 80MHz[0m
[0;32mI (319) mmu_psram: Instructions copied and mapped to SPIRAM[0m
[0;32mI (319) cpu_start: Multicore app[0m
[0;32mI (723) esp_psram: SPI SRAM memory test OK[0m
[0;32mI (731) cpu_start: Pro cpu start user code[0m
[0;32mI (731) cpu_start: cpu freq: 240000000 Hz[0m
[0;32mI (732) app_init: Application information:[0m
[0;32mI (734) app_init: Project name:     ZX4D30NE01S[0m
[0;32mI (740) app_init: App version:      1[0m
[0;32mI (744) app_init: Compile time:     Oct 10 2024 14:35:07[0m
[0;32mI (750) app_init: ELF file SHA256:  a342e533ff593954...[0m
[0;32mI (756) app_init: ESP-IDF:          v5.4-dev-3489-g6e5a178b31-dirty[0m
[0;32mI (763) efuse_init: Min chip rev:     v0.0[0m
[0;32mI (768) efuse_init: Max chip rev:     v0.99 [0m
[0;32mI (773) efuse_init: Chip rev:         v0.1[0m
[0;32mI (777) heap_init: Initializing. RAM available for dynamic allocation:[0m
[0;32mI (785) heap_init: At 3FC9C1C0 len 0004D550 (309 KiB): RAM[0m
[0;32mI (791) heap_init: At 3FCE9710 len 00005724 (21 KiB): RAM[0m
[0;32mI (797) heap_init: At 600FE118 len 00001ED0 (7 KiB): RTCRAM[0m
[0;32mI (803) esp_psram: Adding pool of 7360K of PSRAM memory to heap allocator[0m
[0;32mI (811) spi_flash: detected chip: generic[0m
[0;32mI (815) spi_flash: flash io: qio[0m
[0;32mI (819) sleep_gpio: Configure to isolate all GPIO pins in sleep state[0m
[0;32mI (826) sleep_gpio: Enable automatic switching of GPIO sleep configuration[0m
[0;32mI (834) main_task: Started on CPU0[0m
[0;32mI (838) esp_psram: Reserving pool of 32K of internal memory for DMA/internal allocations[0m
[0;32mI (847) main_task: Calling app_main()[0m
[0;33mW (851) websocket_client: `reconnect_timeout_ms` is not set, or it is less than or equal to zero, using default time out 10000 (milliseconds)[0m
[0;33mW (864) websocket_client: `network_timeout_ms` is not set, or it is less than or equal to zero, using default time out 10000 (milliseconds)[0m

assert failed: tcpip_send_msg_wait_sem /IDF/components/lwip/lwip/src/api/tcpip.c:454 (Invalid mbox)


Backtrace: 0x40379e05:0x3fcaaed0 0x4037f231:0x3fcaaef0 0x4038586d:0x3fcaaf10 0x4202e609:0x3fcab030 0x42039a15:0x3fcab060 0x4202cba8:0x3fcab0a0 0x4200ed25:0x3fcab110 0x4200f4dd:0x3fcab1a0 0x420109d7:0x3fcab1c0 0x4204a0e9:0x3fcab1e0 0x42010e9d:0x3fcab200 0x4204a0e9:0x3fcab320 0x4200b3ad:0x3fcab340




ELF file SHA256: a342e533ff593954

Rebooting...
ESP-ROM:esp32s3-20210327
Build:Mar 27 2021
rst:0xc (RTC_SW_CPU_RST),boot:0xb (SPI_FAST_FLASH_BOOT)
Saved PC:0x40379d68
SPIWP:0xee
mode:DIO, clock div:1
load:0x3fce2820,len:0x1a00
load:0x403c8700,len:0x4
load:0x403c8704,len:0xec4
load:0x403cb700,len:0x314c
entry 0x403c8950
[0;32mI (26) boot: ESP-IDF v5.4-dev-3489-g6e5a178b31-dirty 2nd stage bootloader[0m
[0;32mI (26) boot: compile time Oct 10 2024 14:36:50[0m
[0;32mI (27) boot: Multicore bootloader[0m
[0;32mI (31) boot: chip revision: v0.1[0m
[0;32mI (35) boot: efuse block revision: v1.2[0m
[0;32mI (40) qio_mode: Enabling default flash chip QIO[0m
[0;32mI (45) boot.esp32s3: Boot SPI Speed : 80MHz[0m
[0;32mI (50) boot.esp32s3: SPI Mode       : QIO[0m
[0;32mI (54) boot.esp32s3: SPI Flash Size : 16MB[0m
[0;32mI (59) boot: Enabling RNG early entropy source...[0m
[0;32mI (65) boot: Partition Table:[0m
[0;32mI (68) boot: ## Label            Usage          Type ST Offset   Length[0m
[0;32mI (76) boot:  0 nvs              WiFi data        01 02 00009000 00006000[0m
[0;32mI (83) boot:  1 phy_init         RF data          01 01 0000f000 00001000[0m
[0;32mI (91) boot:  2 factory          factory app      00 00 00010000 00300000[0m
[0;32mI (98) boot: End of partition table[0m
[0;32mI (102) esp_image: segment 0: paddr=00010020 vaddr=3c050020 size=1cb78h (117624) map[0m
[0;32mI (128) esp_image: segment 1: paddr=0002cba0 vaddr=3fc97700 size=03308h ( 13064) load[0m
[0;32mI (131) esp_image: segment 2: paddr=0002feb0 vaddr=40378000 size=00168h (   360) load[0m
[0;32mI (134) esp_image: segment 3: paddr=00030020 vaddr=42000020 size=4e454h (320596) map[0m
[0;32mI (190) esp_image: segment 4: paddr=0007e47c vaddr=40378168 size=0f54ch ( 62796) load[0m
[0;32mI (202) esp_image: segment 5: paddr=0008d9d0 vaddr=600fe100 size=00018h (    24) load[0m
[0;32mI (209) boot: Loaded app from partition at offset 0x10000[0m
[0;32mI (209) boot: Disabling RNG early entropy source...[0m
[0;32mI (223) octal_psram: ECC is enabled[0m
[0;32mI (223) octal_psram: vendor id    : 0x0d (AP)[0m
[0;32mI (223) octal_psram: dev id       : 0x02 (generation 3)[0m
[0;32mI (227) octal_psram: density      : 0x03 (64 Mbit)[0m
[0;32mI (232) octal_psram: good-die     : 0x01 (Pass)[0m
[0;32mI (237) octal_psram: Latency      : 0x01 (Fixed)[0m
[0;32mI (243) octal_psram: VCC          : 0x01 (3V)[0m
[0;32mI (248) octal_psram: SRF          : 0x01 (Fast Refresh)[0m
[0;32mI (254) octal_psram: BurstType    : 0x00 ( Wrap)[0m
[0;32mI (259) octal_psram: BurstLen     : 0x03 (1024 Byte)[0m
[0;32mI (264) octal_psram: Readlatency  : 0x02 (10 cycles@Fixed)[0m
[0;32mI (271) octal_psram: DriveStrength: 0x00 (1/1)[0m
[0;32mI (276) MSPI Timing: PSRAM timing tuning index: 5[0m
[0;32mI (281) esp_psram: Found 8MB PSRAM device[0m
[0;32mI (286) esp_psram: Speed: 80MHz[0m
[0;32mI (319) mmu_psram: Instructions copied and mapped to SPIRAM[0m
[0;32mI (319) cpu_start: Multicore app[0m
[0;32mI (722) esp_psram: SPI SRAM memory test OK[0m
[0;32mI (731) cpu_start: Pro cpu start user code[0m
[0;32mI (731) cpu_start: cpu freq: 240000000 Hz[0m
[0;32mI (731) app_init: Application information:[0m
[0;32mI (734) app_init: Project name:     ZX4D30NE01S[0m
[0;32mI (739) app_init: App version:      1[0m
[0;32mI (743) app_init: Compile time:     Oct 10 2024 14:35:07[0m
[0;32mI (749) app_init: ELF file SHA256:  a342e533ff593954...[0m
[0;32mI (755) app_init: ESP-IDF:          v5.4-dev-3489-g6e5a178b31-dirty[0m
[0;32mI (762) efuse_init: Min chip rev:     v0.0[0m
[0;32mI (767) efuse_init: Max chip rev:     v0.99 [0m
[0;32mI (772) efuse_init: Chip rev:         v0.1[0m
[0;32mI (777) heap_init: Initializing. RAM available for dynamic allocation:[0m
[0;32mI (784) heap_init: At 3FC9C1C0 len 0004D550 (309 KiB): RAM[0m
[0;32mI (790) heap_init: At 3FCE9710 len 00005724 (21 KiB): RAM[0m
[0;32mI (796) heap_init: At 600FE118 len 00001ED0 (7 KiB): RTCRAM[0m
[0;32mI (803) esp_psram: Adding pool of 7360K of PSRAM memory to heap allocator[0m
[0;32mI (810) spi_flash: detected chip: generic[0m
[0;32mI (815) spi_flash: flash io: qio[0m
[0;32mI (819) sleep_gpio: Configure to isolate all GPIO pins in sleep state[0m
[0;32mI (826) sleep_gpio: Enable automatic switching of GPIO sleep configuration[0m
[0;32mI (834) main_task: Started on CPU0[0m
[0;32mI (838) esp_psram: Reserving pool of 32K of internal memory for DMA/internal allocations[0m
[0;32mI (847) main_task: Calling app_main()[0m
[0;33mW (851) websocket_client: `reconnect_timeout_ms` is not set, or it is less than or equal to zero, using default time out 10000 (milliseconds)[0m
[0;33mW (864) websocket_client: `network_timeout_ms` is not set, or it is less than or equal to zero, using default time out 10000 (milliseconds)[0m

assert failed: tcpip_send_msg_wait_sem /IDF/components/lwip/lwip/src/api/tcpip.c:454 (Invalid mbox)


Backtrace: 0x40379e05:0x3fcaaed0 0x4037f231:0x3fcaaef0 0x4038586d:0x3fcaaf10 0x4202e609:0x3fcab030 0x42039a15:0x3fcab060 0x4202cba8:0x3fcab0a0 0x4200ed25:0x3fcab110 0x4200f4dd:0x3fcab1a0 0x420109d7:0x3fcab1c0 0x4204a0e9:0x3fcab1e0 0x42010e9d:0x3fcab200 0x4204a0e9:0x3fcab320 0x4200b3ad:0x3fcab340




ELF file SHA256: a342e533ff593954

Rebooting...
ESP-ROM:esp32s3-20210327
Build:Mar 27 2021
rst:0xc (RTC_SW_CPU_RST),boot:0xb (SPI_FAST_FLASH_BOOT)
Saved PC:0x40379d68
SPIWP:0xee
mode:DIO, clock div:1
load:0x3fce2820,len:0x1a00
load:0x403c8700,len:0x4
load:0x403c8704,len:0xec4
load:0x403cb700,len:0x314c
entry 0x403c8950
[0;32mI (26) boot: ESP-IDF v5.4-dev-3489-g6e5a178b31-dirty 2nd stage bootloader[0m
[0;32mI (26) boot: compile time Oct 10 2024 14:36:50[0m
[0;32mI (27) boot: Multicore bootloader[0m
[0;32mI (31) boot: chip revision: v0.1[0m
[0;32mI (35) boot: efuse block revision: v1.2[0m
[0;32mI (40) qio_mode: Enabling default flash chip QIO[0m
[0;32mI (45) boot.esp32s3: Boot SPI Speed : 80MHz[0m
[0;32mI (50) boot.esp32s3: SPI Mode       : QIO[0m
[0;32mI (54) boot.esp32s3: SPI Flash Size : 16MB[0m
[0;32mI (59) boot: Enabling RNG early entropy source...[0m
[0;32mI (65) boot: Partition Table:[0m
[0;32mI (68) boot: ## Label            Usage          Type ST Offset   Length[0m
[0;32mI (76) boot:  0 nvs              WiFi data        01 02 00009000 00006000[0m
[0;32mI (83) boot:  1 phy_init         RF data          01 01 0000f000 00001000[0m
[0;32mI (91) boot:  2 factory          factory app      00 00 00010000 00300000[0m
[0;32mI (98) boot: End of partition table[0m
[0;32mI (102) esp_image: segment 0: paddr=00010020 vaddr=3c050020 size=1cb78h (117624) map[0m
[0;32mI (128) esp_image: segment 1: paddr=0002cba0 vaddr=3fc97700 size=03308h ( 13064) load[0m
[0;32mI (131) esp_image: segment 2: paddr=0002feb0 vaddr=40378000 size=00168h (   360) load[0m
[0;32mI (134) esp_image: segment 3: paddr=00030020 vaddr=42000020 size=4e454h (320596) map[0m
[0;32mI (190) esp_image: segment 4: paddr=0007e47c vaddr=40378168 size=0f54ch ( 62796) load[0m
[0;32mI (202) esp_image: segment 5: paddr=0008d9d0 vaddr=600fe100 size=00018h (    24) load[0m
[0;32mI (209) boot: Loaded app from partition at offset 0x10000[0m
[0;32mI (209) boot: Disabling RNG early entropy source...[0m
[0;32mI (223) octal_psram: ECC is enabled[0m
[0;32mI (223) octal_psram: vendor id    : 0x0d (AP)[0m
[0;32mI (223) octal_psram: dev id       : 0x02 (generation 3)[0m
[0;32mI (227) octal_psram: density      : 0x03 (64 Mbit)[0m
[0;32mI (232) octal_psram: good-die     : 0x01 (Pass)[0m
[0;32mI (237) octal_psram: Latency      : 0x01 (Fixed)[0m
[0;32mI (243) octal_psram: VCC          : 0x01 (3V)[0m
[0;32mI (248) octal_psram: SRF          : 0x01 (Fast Refresh)[0m
[0;32mI (254) octal_psram: BurstType    : 0x00 ( Wrap)[0m
[0;32mI (259) octal_psram: BurstLen     : 0x03 (1024 Byte)[0m
[0;32mI (264) octal_psram: Readlatency  : 0x02 (10 cycles@Fixed)[0m
[0;32mI (271) octal_psram: DriveStrength: 0x00 (1/1)[0m
[0;32mI (276) MSPI Timing: PSRAM timing tuning index: 5[0m
[0;32mI (281) esp_psram: Found 8MB PSRAM device[0m
[0;32mI (286) esp_psram: Speed: 80MHz[0m
[0;32mI (319) mmu_psram: Instructions copied and mapped to SPIRAM[0m
[0;32mI (319) cpu_start: Multicore app[0m
[0;32mI (722) esp_psram: SPI SRAM memory test OK[0m
[0;32mI (731) cpu_start: Pro cpu start user code[0m
[0;32mI (731) cpu_start: cpu freq: 240000000 Hz[0m
[0;32mI (731) app_init: Application information:[0m
[0;32mI (734) app_init: Project name:     ZX4D30NE01S[0m
[0;32mI (739) app_init: App version:      1[0m
[0;32mI (743) app_init: Compile time:     Oct 10 2024 14:35:07[0m
[0;32mI (749) app_init: ELF file SHA256:  a342e533ff593954...[0m
[0;32mI (755) app_init: ESP-IDF:          v5.4-dev-3489-g6e5a178b31-dirty[0m
[0;32mI (762) efuse_init: Min chip rev:     v0.0[0m
[0;32mI (767) efuse_init: Max chip rev:     v0.99 [0m
[0;32mI (772) efuse_init: Chip rev:         v0.1[0m
[0;32mI (777) heap_init: Initializing. RAM available for dynamic allocation:[0m
[0;32mI (784) heap_init: At 3FC9C1C0 len 0004D550 (309 KiB): RAM[0m
[0;32mI (790) heap_init: At 3FCE9710 len 00005724 (21 KiB): RAM[0m
[0;32mI (796) heap_init: At 600FE118 len 00001ED0 (7 KiB): RTCRAM[0m
[0;32mI (803) esp_psram: Adding pool of 7360K of PSRAM memory to heap allocator[0m
[0;32mI (810) spi_flash: detected chip: generic[0m
[0;32mI (815) spi_flash: flash io: qio[0m
[0;32mI (819) sleep_gpio: Configure to isolate all GPIO pins in sleep state[0m
[0;32mI (826) sleep_gpio: Enable automatic switching of GPIO sleep configuration[0m
[0;32mI (834) main_task: Started on CPU0[0m
[0;32mI (838) esp_psram: Reserving pool of 32K of internal memory for DMA/internal allocations[0m
[0;32mI (847) main_task: Calling app_main()[0m
[0;33mW (851) websocket_client: `reconnect_timeout_ms` is not set, or it is less than or equal to zero, using default time out 10000 (milliseconds)[0m
[0;33mW (864) websocket_client: `network_timeout_ms` is not set, or it is less than or equal to zero, using default time out 10000 (milliseconds)[0m

assert failed: tcpip_send_msg_wait_sem /IDF/components/lwip/lwip/src/api/tcpip.c:454 (Invalid mbox)


Backtrace: 0x40379e05:0x3fcaaed0 0x4037f231:0x3fcaaef0 0x4038586d:0x3fcaaf10 0x4202e609:0x3fcab030 0x42039a15:0x3fcab060 0x4202cba8:0x3fcab0a0 0x4200ed25:0x3fcab110 0x4200f4dd:0x3fcab1a0 0x420109d7:0x3fcab1c0 0x4204a0e9:0x3fcab1e0 0x42010e9d:0x3fcab200 0x4204a0e9:0x3fcab320 0x4200b3ad:0x3fcab340




ELF file SHA256: a342e533ff593954

Rebooting...
ESP-ROM:esp32s3-20210327
Build:Mar 27 2021
rst:0xc (RTC_SW_CPU_RST),boot:0xb (SPI_FAST_FLASH_BOOT)
Saved PC:0x40379d68
SPIWP:0xee
mode:DIO, clock div:1
load:0x3fce2820,len:0x1a00
load:0x403c8700,len:0x4
load:0x403c8704,len:0xec4
load:0x403cb700,len:0x314c
entry 0x403c8950
[0;32mI (26) boot: ESP-IDF v5.4-dev-3489-g6e5a178b31-dirty 2nd stage bootloader[0m
[0;32mI (26) boot: compile time Oct 10 2024 14:36:50[0m
[0;32mI (27) boot: Multicore bootloader[0m
[0;32mI (31) boot: chip revision: v0.1[0m
[0;32mI (35) boot: efuse block revision: v1.2[0m
[0;32mI (40) qio_mode: Enabling default flash chip QIO[0m
[0;32mI (45) boot.esp32s3: Boot SPI Speed : 80MHz[0m
[0;32mI (50) boot.esp32s3: SPI Mode       : QIO[0m
[0;32mI (54) boot.esp32s3: SPI Flash Size : 16MB[0m
[0;32mI (59) boot: Enabling RNG early entropy source...[0m
[0;32mI (65) boot: Partition Table:[0m
[0;32mI (68) boot: ## Label            Usage          Type ST Offset   Length[0m
[0;32mI (76) boot:  0 nvs              WiFi data        01 02 00009000 00006000[0m
[0;32mI (83) boot:  1 phy_init         RF data          01 01 0000f000 00001000[0m
[0;32mI (91) boot:  2 factory          factory app      00 00 00010000 00300000[0m
[0;32mI (98) boot: End of partition table[0m
[0;32mI (102) esp_image: segment 0: paddr=00010020 vaddr=3c050020 size=1cb78h (117624) map[0m
[0;32mI (128) esp_image: segment 1: paddr=0002cba0 vaddr=3fc97700 size=03308h ( 13064) load[0m
[0;32mI (131) esp_image: segment 2: paddr=0002feb0 vaddr=40378000 size=00168h (   360) load[0m
[0;32mI (134) esp_image: segment 3: paddr=00030020 vaddr=42000020 size=4e454h (320596) map[0m
[0;32mI (190) esp_image: segment 4: paddr=0007e47c vaddr=40378168 size=0f54ch ( 62796) load[0m
[0;32mI (202) esp_image: segment 5: paddr=0008d9d0 vaddr=600fe100 size=00018h (    24) load[0m
[0;32mI (209) boot: Loaded app from partition at offset 0x10000[0m
[0;32mI (209) boot: Disabling RNG early entropy source...[0m
[0;32mI (223) octal_psram: ECC is enabled[0m
[0;32mI (223) octal_psram: vendor id    : 0x0d (AP)[0m
[0;32mI (223) octal_psram: dev id       : 0x02 (generation 3)[0m
[0;32mI (227) octal_psram: density      : 0x03 (64 Mbit)[0m
[0;32mI (232) octal_psram: good-die     : 0x01 (Pass)[0m
[0;32mI (237) octal_psram: Latency      : 0x01 (Fixed)[0m
[0;32mI (243) octal_psram: VCC          : 0x01 (3V)[0m
[0;32mI (248) octal_psram: SRF          : 0x01 (Fast Refresh)[0m
[0;32mI (254) octal_psram: BurstType    : 0x00 ( Wrap)[0m
[0;32mI (259) octal_psram: BurstLen     : 0x03 (1024 Byte)[0m
[0;32mI (264) octal_psram: Readlatency  : 0x02 (10 cycles@Fixed)[0m
[0;32mI (271) octal_psram: DriveStrength: 0x00 (1/1)[0m
[0;32mI (276) MSPI Timing: PSRAM timing tuning index: 5[0m
[0;32mI (281) esp_psram: Found 8MB PSRAM device[0m
[0;32mI (286) esp_psram: Speed: 80MHz[0m
[0;32mI (319) mmu_psram: Instructions copied and mapped to SPIRAM[0m
[0;32mI (319) cpu_start: Multicore app[0m
[0;32mI (722) esp_psram: SPI SRAM memory test OK[0m
[0;32mI (731) cpu_start: Pro cpu start user code[0m
[0;32mI (731) cpu_start: cpu freq: 240000000 Hz[0m
[0;32mI (731) app_init: Application information:[0m
[0;32mI (734) app_init: Project name:     ZX4D30NE01S[0m
[0;32mI (739) app_init: App version:      1[0m
[0;32mI (743) app_init: Compile time:     Oct 10 2024 14:35:07[0m
[0;32mI (749) app_init: ELF file SHA256:  a342e533ff593954...[0m
[0;32mI (755) app_init: ESP-IDF:          v5.4-dev-3489-g6e5a178b31-dirty[0m
[0;32mI (762) efuse_init: Min chip rev:     v0.0[0m
[0;32mI (767) efuse_init: Max chip rev:     v0.99 [0m
[0;32mI (772) efuse_init: Chip rev:         v0.1[0m
[0;32mI (777) heap_init: Initializing. RAM available for dynamic allocation:[0m
[0;32mI (784) heap_init: At 3FC9C1C0 len 0004D550 (309 KiB): RAM[0m
[0;32mI (790) heap_init: At 3FCE9710 len 00005724 (21 KiB): RAM[0m
[0;32mI (796) heap_init: At 600FE118 len 00001ED0 (7 KiB): RTCRAM[0m
[0;32mI (803) esp_psram: Adding pool of 7360K of PSRAM memory to heap allocator[0m
[0;32mI (810) spi_flash: detected chip: generic[0m
[0;32mI (815) spi_flash: flash io: qio[0m
[0;32mI (819) sleep_gpio: Configure to isolate all GPIO pins in sleep state[0m
[0;32mI (826) sleep_gpio: Enable automatic switching of GPIO sleep configuration[0m
[0;32mI (834) main_task: Started on CPU0[0m
[0;32mI (838) esp_psram: Reserving pool of 32K of internal memory for DMA/internal allocations[0m
[0;32mI (847) main_task: Calling app_main()[0m
[0;33mW (851) websocket_client: `reconnect_timeout_ms` is not set, or it is less than or equal to zero, using default time out 10000 (milliseconds)[0m
[0;33mW (864) websocket_client: `network_timeout_ms` is not set, or it is less than or equal to zero, using default time out 10000 (milliseconds)[0m

assert failed: tcpip_send_msg_wait_sem /IDF/components/lwip/lwip/src/api/tcpip.c:454 (Invalid mbox)


Backtrace: 0x40379e05:0x3fcaaed0 0x4037f231:0x3fcaaef0 0x4038586d:0x3fcaaf10 0x4202e609:0x3fcab030 0x42039a15:0x3fcab060 0x4202cba8:0x3fcab0a0 0x4200ed25:0x3fcab110 0x4200f4dd:0x3fcab1a0 0x420109d7:0x3fcab1c0 0x4204a0e9:0x3fcab1e0 0x42010e9d:0x3fcab200 0x4204a0e9:0x3fcab320 0x4200b3ad:0x3fcab340




ELF file SHA256: a342e533ff593954

Rebooting...
ESP-ROM:esp32s3-20210327
Build:Mar 27 2021
rst:0xc (RTC_SW_CPU_RST),boot:0xb (SPI_FAST_FLASH_BOOT)
Saved PC:0x40379d68
SPIWP:0xee
mode:DIO, clock div:1
load:0x3fce2820,len:0x1a00
load:0x403c8700,len:0x4
load:0x403c8704,len:0xec4
load:0x403cb700,len:0x314c
entry 0x403c8950
[0;32mI (26) boot: ESP-IDF v5.4-dev-3489-g6e5a178b31-dirty 2nd stage bootloader[0m
[0;32mI (26) boot: compile time Oct 10 2024 14:36:50[0m
[0;32mI (27) boot: Multicore bootloader[0m
[0;32mI (31) boot: chip revision: v0.1[0m
[0;32mI (35) boot: efuse block revision: v1.2[0m
[0;32mI (40) qio_mode: Enabling default flash chip QIO[0m
[0;32mI (45) boot.esp32s3: Boot SPI Speed : 80MHz[0m
[0;32mI (50) boot.esp32s3: SPI Mode       : QIO[0m
[0;32mI (54) boot.esp32s3: SPI Flash Size : 16MB[0m
[0;32mI (59) boot: Enabling RNG early entropy source...[0m
[0;32mI (65) boot: Partition Table:[0m
[0;32mI (68) boot: ## Label            Usage          Type ST Offset   Length[0m
[0;32mI (76) boot:  0 nvs              WiFi data        01 02 00009000 00006000[0m
[0;32mI (83) boot:  1 phy_init         RF data          01 01 0000f000 00001000[0m
[0;32mI (91) boot:  2 factory          factory app      00 00 00010000 00300000[0m
[0;32mI (98) boot: End of partition table[0m
[0;32mI (102) esp_image: segment 0: paddr=00010020 vaddr=3c050020 size=1cb78h (117624) map[0m
[0;32mI (128) esp_image: segment 1: paddr=0002cba0 vaddr=3fc97700 size=03308h ( 13064) load[0m
[0;32mI (131) esp_image: segment 2: paddr=0002feb0 vaddr=40378000 size=00168h (   360) load[0m
[0;32mI (134) esp_image: segment 3: paddr=00030020 vaddr=42000020 size=4e454h (320596) map[0m
[0;32mI (190) esp_image: segment 4: paddr=0007e47c vaddr=40378168 size=0f54ch ( 62796) load[0m
[0;32mI (202) esp_image: segment 5: paddr=0008d9d0 vaddr=600fe100 size=00018h (    24) load[0m
[0;32mI (209) boot: Loaded app from partition at offset 0x10000[0m
[0;32mI (209) boot: Disabling RNG early entropy source...[0m
[0;32mI (223) octal_psram: ECC is enabled[0m
[0;32mI (223) octal_psram: vendor id    : 0x0d (AP)[0m
[0;32mI (223) octal_psram: dev id       : 0x02 (generation 3)[0m
[0;32mI (227) octal_psram: density      : 0x03 (64 Mbit)[0m
[0;32mI (232) octal_psram: good-die     : 0x01 (Pass)[0m
[0;32mI (237) octal_psram: Latency      : 0x01 (Fixed)[0m
[0;32mI (243) octal_psram: VCC          : 0x01 (3V)[0m
[0;32mI (248) octal_psram: SRF          : 0x01 (Fast Refresh)[0m
[0;32mI (254) octal_psram: BurstType    : 0x00 ( Wrap)[0m
[0;32mI (259) octal_psram: BurstLen     : 0x03 (1024 Byte)[0m
[0;32mI (264) octal_psram: Readlatency  : 0x02 (10 cycles@Fixed)[0m
[0;32mI (271) octal_psram: DriveStrength: 0x00 (1/1)[0m
[0;32mI (276) MSPI Timing: PSRAM timing tuning index: 5[0m
[0;32mI (281) esp_psram: Found 8MB PSRAM device[0m
[0;32mI (286) esp_psram: Speed: 80MHz[0m
[0;32mI (319) mmu_psram: Instructions copied and mapped to SPIRAM[0m
[0;32mI (319) cpu_start: Multicore app[0m
[0;32mI (722) esp_psram: SPI SRAM memory test OK[0m
[0;32mI (731) cpu_start: Pro cpu start user code[0m
[0;32mI (731) cpu_start: cpu freq: 240000000 Hz[0m
[0;32mI (731) app_init: Application information:[0m
[0;32mI (734) app_init: Project name:     ZX4D30NE01S[0m
[0;32mI (739) app_init: App version:      1[0m
[0;32mI (743) app_init: Compile time:     Oct 10 2024 14:35:07[0m
[0;32mI (749) app_init: ELF file SHA256:  a342e533ff593954...[0m
[0;32mI (755) app_init: ESP-IDF:          v5.4-dev-3489-g6e5a178b31-dirty[0m
[0;32mI (762) efuse_init: Min chip rev:     v0.0[0m
[0;32mI (767) efuse_init: Max chip rev:     v0.99 [0m
[0;32mI (772) efuse_init: Chip rev:         v0.1[0m
[0;32mI (777) heap_init: Initializing. RAM available for dynamic allocation:[0m
[0;32mI (784) heap_init: At 3FC9C1C0 len 0004D550 (309 KiB): RAM[0m
[0;32mI (790) heap_init: At 3FCE9710 len 00005724 (21 KiB): RAM[0m
[0;32mI (796) heap_init: At 600FE118 len 00001ED0 (7 KiB): RTCRAM[0m
[0;32mI (803) esp_psram: Adding pool of 7360K of PSRAM memory to heap allocator[0m
[0;32mI (810) spi_flash: detected chip: generic[0m
[0;32mI (815) spi_flash: flash io: qio[0m
[0;32mI (819) sleep_gpio: Configure to isolate all GPIO pins in sleep state[0m
[0;32mI (826) sleep_gpio: Enable automatic switching of GPIO sleep configuration[0m
[0;32mI (834) main_task: Started on CPU0[0m
[0;32mI (838) esp_psram: Reserving pool of 32K of internal memory for DMA/internal allocations[0m
[0;32mI (847) main_task: Calling app_main()[0m
[0;33mW (851) websocket_client: `reconnect_timeout_ms` is not set, or it is less than or equal to zero, using default time out 10000 (milliseconds)[0m
[0;33mW (864) websocket_client: `network_timeout_ms` is not set, or it is less than or equal to zero, using default time out 10000 (milliseconds)[0m

assert failed: tcpip_send_msg_wait_sem /IDF/components/lwip/lwip/src/api/tcpip.c:454 (Invalid mbox)


Backtrace: 0x40379e05:0x3fcaaed0 0x4037f231:0x3fcaaef0 0x4038586d:0x3fcaaf10 0x4202e609:0x3fcab030 0x42039a15:0x3fcab060 0x4202cba8:0x3fcab0a0 0x4200ed25:0x3fcab110 0x4200f4dd:0x3fcab1a0 0x420109d7:0x3fcab1c0 0x4204a0e9:0x3fcab1e0 0x42010e9d:0x3fcab200 0x4204a0e9:0x3fcab320 0x4200b3ad:0x3fcab340




ELF file SHA256: a342e533ff593954

Rebooting...
ESP-ROM:esp32s3-20210327
Build:Mar 27 2021
rst:0xc (RTC_SW_CPU_RST),boot:0xb (SPI_FAST_FLASH_BOOT)
Saved PC:0x40379d68
SPIWP:0xee
mode:DIO, clock div:1
load:0x3fce2820,len:0x1a00
load:0x403c8700,len:0x4
load:0x403c8704,len:0xec4
load:0x403cb700,len:0x314c
entry 0x403c8950
[0;32mI (26) boot: ESP-IDF v5.4-dev-3489-g6e5a178b31-dirty 2nd stage bootloader[0m
[0;32mI (26) boot: compile time Oct 10 2024 14:36:50[0m
[0;32mI (27) boot: Multicore bootloader[0m
[0;32mI (31) boot: chip revision: v0.1[0m
[0;32mI (35) boot: efuse block revision: v1.2[0m
[0;32mI (40) qio_mode: Enabling default flash chip QIO[0m
[0;32mI (45) boot.esp32s3: Boot SPI Speed : 80MHz[0m
[0;32mI (50) boot.esp32s3: SPI Mode       : QIO[0m
[0;32mI (54) boot.esp32s3: SPI Flash Size : 16MB[0m
[0;32mI (59) boot: Enabling RNG early entropy source...[0m
[0;32mI (65) boot: Partition Table:[0m
[0;32mI (68) boot: ## Label            Usage          Type ST Offset   Length[0m
[0;32mI (76) boot:  0 nvs              WiFi data        01 02 00009000 00006000[0m
[0;32mI (83) boot:  1 phy_init         RF data          01 01 0000f000 00001000[0m
[0;32mI (91) boot:  2 factory          factory app      00 00 00010000 00300000[0m
[0;32mI (98) boot: End of partition table[0m
[0;32mI (102) esp_image: segment 0: paddr=00010020 vaddr=3c050020 size=1cb78h (117624) map[0m
[0;32mI (128) esp_image: segment 1: paddr=0002cba0 vaddr=3fc97700 size=03308h ( 13064) load[0m
[0;32mI (131) esp_image: segment 2: paddr=0002feb0 vaddr=40378000 size=00168h (   360) load[0m
[0;32mI (134) esp_image: segment 3: paddr=00030020 vaddr=42000020 size=4e454h (320596) map[0m
[0;32mI (190) esp_image: segment 4: paddr=0007e47c vaddr=40378168 size=0f54ch ( 62796) load[0m
[0;32mI (202) esp_image: segment 5: paddr=0008d9d0 vaddr=600fe100 size=00018h (    24) load[0m
[0;32mI (209) boot: Loaded app from partition at offset 0x10000[0m
[0;32mI (209) boot: Disabling RNG early entropy source...[0m
[0;32mI (223) octal_psram: ECC is enabled[0m
[0;32mI (223) octal_psram: vendor id    : 0x0d (AP)[0m
[0;32mI (223) octal_psram: dev id       : 0x02 (generation 3)[0m
[0;32mI (227) octal_psram: density      : 0x03 (64 Mbit)[0m
[0;32mI (232) octal_psram: good-die     : 0x01 (Pass)[0m
[0;32mI (237) octal_psram: Latency      : 0x01 (Fixed)[0m
[0;32mI (243) octal_psram: VCC          : 0x01 (3V)[0m
[0;32mI (248) octal_psram: SRF          : 0x01 (Fast Refresh)[0m
[0;32mI (254) octal_psram: BurstType    : 0x00 ( Wrap)[0m
[0;32mI (259) octal_psram: BurstLen     : 0x03 (1024 Byte)[0m
[0;32mI (264) octal_psram: Readlatency  : 0x02 (10 cycles@Fixed)[0m
[0;32mI (271) octal_psram: DriveStrength: 0x00 (1/1)[0m
[0;32mI (276) MSPI Timing: PSRAM timing tuning index: 5[0m
[0;32mI (281) esp_psram: Found 8MB PSRAM device[0m
[0;32mI (286) esp_psram: Speed: 80MHz[0m
[0;32mI (319) mmu_psram: Instructions copied and mapped to SPIRAM[0m
[0;32mI (319) cpu_start: Multicore app[0m
[0;32mI (722) esp_psram: SPI SRAM memory test OK[0m
[0;32mI (731) cpu_start: Pro cpu start user code[0m
[0;32mI (731) cpu_start: cpu freq: 240000000 Hz[0m
[0;32mI (731) app_init: Application information:[0m
[0;32mI (734) app_init: Project name:     ZX4D30NE01S[0m
[0;32mI (739) app_init: App version:      1[0m
[0;32mI (743) app_init: Compile time:     Oct 10 2024 14:35:07[0m
[0;32mI (749) app_init: ELF file SHA256:  a342e533ff593954...[0m
[0;32mI (755) app_init: ESP-IDF:          v5.4-dev-3489-g6e5a178b31-dirty[0m
[0;32mI (762) efuse_init: Min chip rev:     v0.0[0m
[0;32mI (767) efuse_init: Max chip rev:     v0.99 [0m
[0;32mI (772) efuse_init: Chip rev:         v0.1[0m
[0;32mI (777) heap_init: Initializing. RAM available for dynamic allocation:[0m
[0;32mI (784) heap_init: At 3FC9C1C0 len 0004D550 (309 KiB): RAM[0m
[0;32mI (790) heap_init: At 3FCE9710 len 00005724 (21 KiB): RAM[0m
[0;32mI (796) heap_init: At 600FE118 len 00001ED0 (7 KiB): RTCRAM[0m
[0;32mI (803) esp_psram: Adding pool of 7360K of PSRAM memory to heap allocator[0m
[0;32mI (810) spi_flash: detected chip: generic[0m
[0;32mI (815) spi_flash: flash io: qio[0m
[0;32mI (819) sleep_gpio: Configure to isolate all GPIO pins in sleep state[0m
[0;32mI (826) sleep_gpio: Enable automatic switching of GPIO sleep configuration[0m
[0;32mI (834) main_task: Started on CPU0[0m
[0;32mI (838) esp_psram: Reserving pool of 32K of internal memory for DMA/internal allocations[0m
[0;32mI (847) main_task: Calling app_main()[0m
[0;33mW (851) websocket_client: `reconnect_timeout_ms` is not set, or it is less than or equal to zero, using default time out 10000 (milliseconds)[0m
[0;33mW (864) websocket_client: `network_timeout_ms` is not set, or it is less than or equal to zero, using default time out 10000 (milliseconds)[0m

assert failed: tcpip_send_msg_wait_sem /IDF/components/lwip/lwip/src/api/tcpip.c:454 (Invalid mbox)


Backtrace: 0x40379e05:0x3fcaaed0 0x4037f231:0x3fcaaef0 0x4038586d:0x3fcaaf10 0x4202e609:0x3fcab030 0x42039a15:0x3fcab060 0x4202cba8:0x3fcab0a0 0x4200ed25:0x3fcab110 0x4200f4dd:0x3fcab1a0 0x420109d7:0x3fcab1c0 0x4204a0e9:0x3fcab1e0 0x42010e9d:0x3fcab200 0x4204a0e9:0x3fcab320 0x4200b3ad:0x3fcab340




ELF file SHA256: a342e533ff593954

Rebooting...
ESP-ROM:esp32s3-20210327
Build:Mar 27 2021
rst:0xc (RTC_SW_CPU_RST),boot:0xb (SPI_FAST_FLASH_BOOT)
Saved PC:0x40379d68
SPIWP:0xee
mode:DIO, clock div:1
load:0x3fce2820,len:0x1a00
load:0x403c8700,len:0x4
load:0x403c8704,len:0xec4
load:0x403cb700,len:0x314c
entry 0x403c8950
[0;32mI (26) boot: ESP-IDF v5.4-dev-3489-g6e5a178b31-dirty 2nd stage bootloader[0m
[0;32mI (26) boot: compile time Oct 10 2024 14:36:50[0m
[0;32mI (27) boot: Multicore bootloader[0m
[0;32mI (31) boot: chip revision: v0.1[0m
[0;32mI (35) boot: efuse block revision: v1.2[0m
[0;32mI (40) qio_mode: Enabling default flash chip QIO[0m
[0;32mI (45) boot.esp32s3: Boot SPI Speed : 80MHz[0m
[0;32mI (50) boot.esp32s3: SPI Mode       : QIO[0m
[0;32mI (54) boot.esp32s3: SPI Flash Size : 16MB[0m
[0;32mI (59) boot: Enabling RNG early entropy source...[0m
[0;32mI (65) boot: Partition Table:[0m
[0;32mI (68) boot: ## Label            Usage          Type ST Offset   Length[0m
[0;32mI (76) boot:  0 nvs              WiFi data        01 02 00009000 00006000[0m
[0;32mI (83) boot:  1 phy_init         RF data          01 01 0000f000 00001000[0m
[0;32mI (91) boot:  2 factory          factory app      00 00 00010000 00300000[0m
[0;32mI (98) boot: End of partition table[0m
[0;32mI (102) esp_image: segment 0: paddr=00010020 vaddr=3c050020 size=1cb78h (117624) map[0m
[0;32mI (128) esp_image: segment 1: paddr=0002cba0 vaddr=3fc97700 size=03308h ( 13064) load[0m
[0;32mI (131) esp_image: segment 2: paddr=0002feb0 vaddr=40378000 size=00168h (   360) load[0m
[0;32mI (134) esp_image: segment 3: paddr=00030020 vaddr=42000020 size=4e454h (320596) map[0m
[0;32mI (190) esp_image: segment 4: paddr=0007e47c vaddr=40378168 size=0f54ch ( 62796) load[0m
[0;32mI (202) esp_image: segment 5: paddr=0008d9d0 vaddr=600fe100 size=00018h (    24) load[0m
[0;32mI (209) boot: Loaded app from partition at offset 0x10000[0m
[0;32mI (209) boot: Disabling RNG early entropy source...[0m
[0;32mI (223) octal_psram: ECC is enabled[0m
[0;32mI (223) octal_psram: vendor id    : 0x0d (AP)[0m
[0;32mI (223) octal_psram: dev id       : 0x02 (generation 3)[0m
[0;32mI (227) octal_psram: density      : 0x03 (64 Mbit)[0m
[0;32mI (232) octal_psram: good-die     : 0x01 (Pass)[0m
[0;32mI (237) octal_psram: Latency      : 0x01 (Fixed)[0m
[0;32mI (243) octal_psram: VCC          : 0x01 (3V)[0m
[0;32mI (248) octal_psram: SRF          : 0x01 (Fast Refresh)[0m
[0;32mI (254) octal_psram: BurstType    : 0x00 ( Wrap)[0m
[0;32mI (259) octal_psram: BurstLen     : 0x03 (1024 Byte)[0m
[0;32mI (264) octal_psram: Readlatency  : 0x02 (10 cycles@Fixed)[0m
[0;32mI (271) octal_psram: DriveStrength: 0x00 (1/1)[0m
[0;32mI (276) MSPI Timing: PSRAM timing tuning index: 5[0m
[0;32mI (281) esp_psram: Found 8MB PSRAM device[0m
[0;32mI (286) esp_psram: Speed: 80MHz[0m
[0;32mI (319) mmu_psram: Instructions copied and mapped to SPIRAM[0m
[0;32mI (319) cpu_start: Multicore app[0m
[0;32mI (722) esp_psram: SPI SRAM memory test OK[0m
[0;32mI (731) cpu_start: Pro cpu start user code[0m
[0;32mI (731) cpu_start: cpu freq: 240000000 Hz[0m
[0;32mI (731) app_init: Application information:[0m
[0;32mI (734) app_init: Project name:     ZX4D30NE01S[0m
[0;32mI (739) app_init: App version:      1[0m
[0;32mI (743) app_init: Compile time:     Oct 10 2024 14:35:07[0m
[0;32mI (749) app_init: ELF file SHA256:  a342e533ff593954...[0m
[0;32mI (755) app_init: ESP-IDF:          v5.4-dev-3489-g6e5a178b31-dirty[0m
[0;32mI (762) efuse_init: Min chip rev:     v0.0[0m
[0;32mI (767) efuse_init: Max chip rev:     v0.99 [0m
[0;32mI (772) efuse_init: Chip rev:         v0.1[0m
[0;32mI (777) heap_init: Initializing. RAM available for dynamic allocation:[0m
[0;32mI (784) heap_init: At 3FC9C1C0 len 0004D550 (309 KiB): RAM[0m
[0;32mI (790) heap_init: At 3FCE9710 len 00005724 (21 KiB): RAM[0m
[0;32mI (796) heap_init: At 600FE118 len 00001ED0 (7 KiB): RTCRAM[0m
[0;32mI (803) esp_psram: Adding pool of 7360K of PSRAM memory to heap allocator[0m
[0;32mI (810) spi_flash: detected chip: generic[0m
[0;32mI (815) spi_flash: flash io: qio[0m
[0;32mI (819) sleep_gpio: Configure to isolate all GPIO pins in sleep state[0m
[0;32mI (826) sleep_gpio: Enable automatic switching of GPIO sleep configuration[0m
[0;32mI (834) main_task: Started on CPU0[0m
[0;32mI (838) esp_psram: Reserving pool of 32K of internal memory for DMA/internal allocations[0m
[0;32mI (847) main_task: Calling app_main()[0m
[0;33mW (851) websocket_client: `reconnect_timeout_ms` is not set, or it is less than or equal to zero, using default time out 10000 (milliseconds)[0m
[0;33mW (864) websocket_client: `network_timeout_ms` is not set, or it is less than or equal to zero, using default time out 10000 (milliseconds)[0m

assert failed: tcpip_send_msg_wait_sem /IDF/components/lwip/lwip/src/api/tcpip.c:454 (Invalid mbox)


Backtrace: 0x40379e05:0x3fcaaed0 0x4037f231:0x3fcaaef0 0x4038586d:0x3fcaaf10 0x4202e609:0x3fcab030 0x42039a15:0x3fcab060 0x4202cba8:0x3fcab0a0 0x4200ed25:0x3fcab110 0x4200f4dd:0x3fcab1a0 0x420109d7:0x3fcab1c0 0x4204a0e9:0x3fcab1e0 0x42010e9d:0x3fcab200 0x4204a0e9:0x3fcab320 0x4200b3ad:0x3fcab340




ELF file SHA256: a342e533ff593954

Rebooting...
ESP-ROM:esp32s3-20210327
Build:Mar 27 2021
rst:0xc (RTC_SW_CPU_RST),boot:0xb (SPI_FAST_FLASH_BOOT)
Saved PC:0x40379d68
SPIWP:0xee
mode:DIO, clock div:1
load:0x3fce2820,len:0x1a00
load:0x403c8700,len:0x4
load:0x403c8704,len:0xec4
load:0x403cb700,len:0x314c
entry 0x403c8950
[0;32mI (26) boot: ESP-IDF v5.4-dev-3489-g6e5a178b31-dirty 2nd stage bootloader[0m
[0;32mI (26) boot: compile time Oct 10 2024 14:36:50[0m
[0;32mI (27) boot: Multicore bootloader[0m
[0;32mI (31) boot: chip revision: v0.1[0m
[0;32mI (35) boot: efuse block revision: v1.2[0m
[0;32mI (40) qio_mode: Enabling default flash chip QIO[0m
[0;32mI (45) boot.esp32s3: Boot SPI Speed : 80MHz[0m
[0;32mI (50) boot.esp32s3: SPI Mode       : QIO[0m
[0;32mI (54) boot.esp32s3: SPI Flash Size : 16MB[0m
[0;32mI (59) boot: Enabling RNG early entropy source...[0m
[0;32mI (65) boot: Partition Table:[0m
[0;32mI (68) boot: ## Label            Usage          Type ST Offset   Length[0m
[0;32mI (76) boot:  0 nvs              WiFi data        01 02 00009000 00006000[0m
[0;32mI (83) boot:  1 phy_init         RF data          01 01 0000f000 00001000[0m
[0;32mI (91) boot:  2 factory          factory app      00 00 00010000 00300000[0m
[0;32mI (98) boot: End of partition table[0m
[0;32mI (102) esp_image: segment 0: paddr=00010020 vaddr=3c050020 size=1cb78h (117624) map[0m
[0;32mI (128) esp_image: segment 1: paddr=0002cba0 vaddr=3fc97700 size=03308h ( 13064) load[0m
[0;32mI (131) esp_image: segment 2: paddr=0002feb0 vaddr=40378000 size=00168h (   360) load[0m
[0;32mI (134) esp_image: segment 3: paddr=00030020 vaddr=42000020 size=4e454h (320596) map[0m
[0;32mI (190) esp_image: segment 4: paddr=0007e47c vaddr=40378168 size=0f54ch ( 62796) load[0m
[0;32mI (202) esp_image: segment 5: paddr=0008d9d0 vaddr=600fe100 size=00018h (    24) load[0m
[0;32mI (209) boot: Loaded app from partition at offset 0x10000[0m
[0;32mI (209) boot: Disabling RNG early entropy source...[0m
[0;32mI (223) octal_psram: ECC is enabled[0m
[0;32mI (223) octal_psram: vendor id    : 0x0d (AP)[0m
[0;32mI (223) octal_psram: dev id       : 0x02 (generation 3)[0m
[0;32mI (227) octal_psram: density      : 0x03 (64 Mbit)[0m
[0;32mI (232) octal_psram: good-die     : 0x01 (Pass)[0m
[0;32mI (237) octal_psram: Latency      : 0x01 (Fixed)[0m
[0;32mI (243) octal_psram: VCC          : 0x01 (3V)[0m
[0;32mI (248) octal_psram: SRF          : 0x01 (Fast Refresh)[0m
[0;32mI (254) octal_psram: BurstType    : 0x00 ( Wrap)[0m
[0;32mI (259) octal_psram: BurstLen     : 0x03 (1024 Byte)[0m
[0;32mI (264) octal_psram: Readlatency  : 0x02 (10 cycles@Fixed)[0m
[0;32mI (271) octal_psram: DriveStrength: 0x00 (1/1)[0m
[0;32mI (276) MSPI Timing: PSRAM timing tuning index: 5[0m
[0;32mI (281) esp_psram: Found 8MB PSRAM device[0m
[0;32mI (286) esp_psram: Speed: 80MHz[0m
[0;32mI (319) mmu_psram: Instructions copied and mapped to SPIRAM[0m
[0;32mI (319) cpu_start: Multicore app[0m
[0;32mI (722) esp_psram: SPI SRAM memory test OK[0m
[0;32mI (731) cpu_start: Pro cpu start user code[0m
[0;32mI (731) cpu_start: cpu freq: 240000000 Hz[0m
[0;32mI (731) app_init: Application information:[0m
[0;32mI (734) app_init: Project name:     ZX4D30NE01S[0m
[0;32mI (739) app_init: App version:      1[0m
[0;32mI (743) app_init: Compile time:     Oct 10 2024 14:35:07[0m
[0;32mI (749) app_init: ELF file SHA256:  a342e533ff593954...[0m
[0;32mI (755) app_init: ESP-IDF:          v5.4-dev-3489-g6e5a178b31-dirty[0m
[0;32mI (762) efuse_init: Min chip rev:     v0.0[0m
[0;32mI (767) efuse_init: Max chip rev:     v0.99 [0m
[0;32mI (772) efuse_init: Chip rev:         v0.1[0m
[0;32mI (777) heap_init: Initializing. RAM available for dynamic allocation:[0m
[0;32mI (784) heap_init: At 3FC9C1C0 len 0004D550 (309 KiB): RAM[0m
[0;32mI (790) heap_init: At 3FCE9710 len 00005724 (21 KiB): RAM[0m
[0;32mI (796) heap_init: At 600FE118 len 00001ED0 (7 KiB): RTCRAM[0m
[0;32mI (803) esp_psram: Adding pool of 7360K of PSRAM memory to heap allocator[0m
[0;32mI (810) spi_flash: detected chip: generic[0m
[0;32mI (815) spi_flash: flash io: qio[0m
[0;32mI (819) sleep_gpio: Configure to isolate all GPIO pins in sleep state[0m
[0;32mI (826) sleep_gpio: Enable automatic switching of GPIO sleep configuration[0m
[0;32mI (834) main_task: Started on CPU0[0m
[0;32mI (838) esp_psram: Reserving pool of 32K of internal memory for DMA/internal allocations[0m
[0;32mI (847) main_task: Calling app_main()[0m
[0;33mW (851) websocket_client: `reconnect_timeout_ms` is not set, or it is less than or equal to zero, using default time out 10000 (milliseconds)[0m
[0;33mW (864) websocket_client: `network_timeout_ms` is not set, or it is less than or equal to zero, using default time out 10000 (milliseconds)[0m

assert failed: tcpip_send_msg_wait_sem /IDF/components/lwip/lwip/src/api/tcpip.c:454 (Invalid mbox)


Backtrace: 0x40379e05:0x3fcaaed0 0x4037f231:0x3fcaaef0 0x4038586d:0x3fcaaf10 0x4202e609:0x3fcab030 0x42039a15:0x3fcab060 0x4202cba8:0x3fcab0a0 0x4200ed25:0x3fcab110 0x4200f4dd:0x3fcab1a0 0x420109d7:0x3fcab1c0 0x4204a0e9:0x3fcab1e0 0x42010e9d:0x3fcab200 0x4204a0e9:0x3fcab320 0x4200b3ad:0x3fcab340




ELF file SHA256: a342e533ff593954

Rebooting...
ESP-ROM:esp32s3-20210327
Build:Mar 27 2021
rst:0xc (RTC_SW_CPU_RST),boot:0xb (SPI_FAST_FLASH_BOOT)
Saved PC:0x40379d68
SPIWP:0xee
mode:DIO, clock div:1
load:0x3fce2820,len:0x1a00
load:0x403c8700,len:0x4
load:0x403c8704,len:0xec4
load:0x403cb700,len:0x314c
entry 0x403c8950
[0;32mI (26) boot: ESP-IDF v5.4-dev-3489-g6e5a178b31-dirty 2nd stage bootloader[0m
[0;32mI (26) boot: compile time Oct 10 2024 14:36:50[0m
[0;32mI (27) boot: Multicore bootloader[0m
[0;32mI (31) boot: chip revision: v0.1[0m
[0;32mI (35) boot: efuse block revision: v1.2[0m
[0;32mI (40) qio_mode: Enabling default flash chip QIO[0m
[0;32mI (45) boot.esp32s3: Boot SPI Speed : 80MHz[0m
[0;32mI (50) boot.esp32s3: SPI Mode       : QIO[0m
[0;32mI (54) boot.esp32s3: SPI Flash Size : 16MB[0m
[0;32mI (59) boot: Enabling RNG early entropy source...[0m
[0;32mI (65) boot: Partition Table:[0m
[0;32mI (68) boot: ## Label            Usage          Type ST Offset   Length[0m
[0;32mI (76) boot:  0 nvs              WiFi data        01 02 00009000 00006000[0m
[0;32mI (83) boot:  1 phy_init         RF data          01 01 0000f000 00001000[0m
[0;32mI (91) boot:  2 factory          factory app      00 00 00010000 00300000[0m
[0;32mI (98) boot: End of partition table[0m
[0;32mI (102) esp_image: segment 0: paddr=00010020 vaddr=3c050020 size=1cb78h (117624) map[0m
[0;32mI (128) esp_image: segment 1: paddr=0002cba0 vaddr=3fc97700 size=03308h ( 13064) load[0m
[0;32mI (131) esp_image: segment 2: paddr=0002feb0 vaddr=40378000 size=00168h (   360) load[0m
[0;32mI (134) esp_image: segment 3: paddr=00030020 vaddr=42000020 size=4e454h (320596) map[0m
[0;32mI (190) esp_image: segment 4: paddr=0007e47c vaddr=40378168 size=0f54ch ( 62796) load[0m
[0;32mI (202) esp_image: segment 5: paddr=0008d9d0 vaddr=600fe100 size=00018h (    24) load[0m
[0;32mI (209) boot: Loaded app from partition at offset 0x10000[0m
[0;32mI (209) boot: Disabling RNG early entropy source...[0m
[0;32mI (223) octal_psram: ECC is enabled[0m
[0;32mI (223) octal_psram: vendor id    : 0x0d (AP)[0m
[0;32mI (223) octal_psram: dev id       : 0x02 (generation 3)[0m
[0;32mI (227) octal_psram: density      : 0x03 (64 Mbit)[0m
[0;32mI (232) octal_psram: good-die     : 0x01 (Pass)[0m
[0;32mI (237) octal_psram: Latency      : 0x01 (Fixed)[0m
[0;32mI (243) octal_psram: VCC          : 0x01 (3V)[0m
[0;32mI (248) octal_psram: SRF          : 0x01 (Fast Refresh)[0m
[0;32mI (254) octal_psram: BurstType    : 0x00 ( Wrap)[0m
[0;32mI (259) octal_psram: BurstLen     : 0x03 (1024 Byte)[0m
[0;32mI (265) octal_psram: Readlatency  : 0x02 (10 cycles@Fixed)[0m
[0;32mI (271) octal_psram: DriveStrength: 0x00 (1/1)[0m
[0;32mI (276) MSPI Timing: PSRAM timing tuning index: 5[0m
[0;32mI (281) esp_psram: Found 8MB PSRAM device[0m
[0;32mI (286) esp_psram: Speed: 80MHz[0m
[0;32mI (319) mmu_psram: Instructions copied and mapped to SPIRAM[0m
[0;32mI (319) cpu_start: Multicore app[0m
[0;32mI (723) esp_psram: SPI SRAM memory test OK[0m
[0;32mI (731) cpu_start: Pro cpu start user code[0m
[0;32mI (731) cpu_start: cpu freq: 240000000 Hz[0m
[0;32mI (731) app_init: Application information:[0m
[0;32mI (734) app_init: Project name:     ZX4D30NE01S[0m
[0;32mI (739) app_init: App version:      1[0m
[0;32mI (744) app_init: Compile time:     Oct 10 2024 14:35:07[0m
[0;32mI (750) app_init: ELF file SHA256:  a342e533ff593954...[0m
[0;32mI (755) app_init: ESP-IDF:          v5.4-dev-3489-g6e5a178b31-dirty[0m
[0;32mI (762) efuse_init: Min chip rev:     v0.0[0m
[0;32mI (767) efuse_init: Max chip rev:     v0.99 [0m
[0;32mI (772) efuse_init: Chip rev:         v0.1[0m
[0;32mI (777) heap_init: Initializing. RAM available for dynamic allocation:[0m
[0;32mI (784) heap_init: At 3FC9C1C0 len 0004D550 (309 KiB): RAM[0m
[0;32mI (790) heap_init: At 3FCE9710 len 00005724 (21 KiB): RAM[0m
[0;32mI (796) heap_init: At 600FE118 len 00001ED0 (7 KiB): RTCRAM[0m
[0;32mI (803) esp_psram: Adding pool of 7360K of PSRAM memory to heap allocator[0m
[0;32mI (811) spi_flash: detected chip: generic[0m
[0;32mI (815) spi_flash: flash io: qio[0m
[0;32mI (819) sleep_gpio: Configure to isolate all GPIO pins in sleep state[0m
[0;32mI (826) sleep_gpio: Enable automatic switching of GPIO sleep configuration[0m
[0;32mI (834) main_task: Started on CPU0[0m
[0;32mI (838) esp_psram: Reserving pool of 32K of internal memory for DMA/internal allocations[0m
[0;32mI (847) main_task: Calling app_main()[0m
[0;33mW (851) websocket_client: `reconnect_timeout_ms` is not set, or it is less than or equal to zero, using default time out 10000 (milliseconds)[0m
[0;33mW (864) websocket_client: `network_timeout_ms` is not set, or it is less than or equal to zero, using default time out 10000 (milliseconds)[0m

assert failed: tcpip_send_msg_wait_sem /IDF/components/lwip/lwip/src/api/tcpip.c:454 (Invalid mbox)


Backtrace: 0x40379e05:0x3fcaaed0 0x4037f231:0x3fcaaef0 0x4038586d:0x3fcaaf10 0x4202e609:0x3fcab030 0x42039a15:0x3fcab060 0x4202cba8:0x3fcab0a0 0x4200ed25:0x3fcab110 0x4200f4dd:0x3fcab1a0 0x420109d7:0x3fcab1c0 0x4204a0e9:0x3fcab1e0 0x42010e9d:0x3fcab200 0x4204a0e9:0x3fcab320 0x4200b3ad:0x3fcab340




ELF file SHA256: a342e533ff593954

Rebooting...
ESP-ROM:esp32s3-20210327
Build:Mar 27 2021
rst:0xc (RTC_SW_CPU_RST),boot:0xb (SPI_FAST_FLASH_BOOT)
Saved PC:0x40379d68
SPIWP:0xee
mode:DIO, clock div:1
load:0x3fce2820,len:0x1a00
load:0x403c8700,len:0x4
load:0x403c8704,len:0xec4
load:0x403cb700,len:0x314c
entry 0x403c8950
[0;32mI (26) boot: ESP-IDF v5.4-dev-3489-g6e5a178b31-dirty 2nd stage bootloader[0m
[0;32mI (26) boot: compile time Oct 10 2024 14:36:50[0m
[0;32mI (27) boot: Multicore bootloader[0m
[0;32mI (31) boot: chip revision: v0.1[0m
[0;32mI (35) boot: efuse block revision: v1.2[0m
[0;32mI (40) qio_mode: Enabling default flash chip QIO[0m
[0;32mI (45) boot.esp32s3: Boot SPI Speed : 80MHz[0m
[0;32mI (50) boot.esp32s3: SPI Mode       : QIO[0m
[0;32mI (54) boot.esp32s3: SPI Flash Size : 16MB[0m
[0;32mI (59) boot: Enabling RNG early entropy source...[0m
[0;32mI (65) boot: Partition Table:[0m
[0;32mI (68) boot: ## Label            Usage          Type ST Offset   Length[0m
[0;32mI (76) boot:  0 nvs              WiFi data        01 02 00009000 00006000[0m
[0;32mI (83) boot:  1 phy_init         RF data          01 01 0000f000 00001000[0m
[0;32mI (91) boot:  2 factory          factory app      00 00 00010000 00300000[0m
[0;32mI (98) boot: End of partition table[0m
[0;32mI (102) esp_image: segment 0: paddr=00010020 vaddr=3c050020 size=1cb78h (117624) map[0m
[0;32mI (128) esp_image: segment 1: paddr=0002cba0 vaddr=3fc97700 size=03308h ( 13064) load[0m
[0;32mI (131) esp_image: segment 2: paddr=0002feb0 vaddr=40378000 size=00168h (   360) load[0m
[0;32mI (134) esp_image: segment 3: paddr=00030020 vaddr=42000020 size=4e454h (320596) map[0m
[0;32mI (190) esp_image: segment 4: paddr=0007e47c vaddr=40378168 size=0f54ch ( 62796) load[0m
[0;32mI (202) esp_image: segment 5: paddr=0008d9d0 vaddr=600fe100 size=00018h (    24) load[0m
[0;32mI (209) boot: Loaded app from partition at offset 0x10000[0m
[0;32mI (209) boot: Disabling RNG early entropy source...[0m
[0;32mI (223) octal_psram: ECC is enabled[0m
[0;32mI (223) octal_psram: vendor id    : 0x0d (AP)[0m
[0;32mI (223) octal_psram: dev id       : 0x02 (generation 3)[0m
[0;32mI (227) octal_psram: density      : 0x03 (64 Mbit)[0m
[0;32mI (232) octal_psram: good-die     : 0x01 (Pass)[0m
[0;32mI (237) octal_psram: Latency      : 0x01 (Fixed)[0m
[0;32mI (243) octal_psram: VCC          : 0x01 (3V)[0m
[0;32mI (248) octal_psram: SRF          : 0x01 (Fast Refresh)[0m
[0;32mI (254) octal_psram: BurstType    : 0x00 ( Wrap)[0m
[0;32mI (259) octal_psram: BurstLen     : 0x03 (1024 Byte)[0m
[0;32mI (264) octal_psram: Readlatency  : 0x02 (10 cycles@Fixed)[0m
[0;32mI (271) octal_psram: DriveStrength: 0x00 (1/1)[0m
[0;32mI (276) MSPI Timing: PSRAM timing tuning index: 5[0m
[0;32mI (281) esp_psram: Found 8MB PSRAM device[0m
[0;32mI (286) esp_psram: Speed: 80MHz[0m
[0;32mI (319) mmu_psram: Instructions copied and mapped to SPIRAM[0m
[0;32mI (319) cpu_start: Multicore app[0m
[0;32mI (722) esp_psram: SPI SRAM memory test OK[0m
[0;32mI (731) cpu_start: Pro cpu start user code[0m
[0;32mI (731) cpu_start: cpu freq: 240000000 Hz[0m
[0;32mI (731) app_init: Application information:[0m
[0;32mI (734) app_init: Project name:     ZX4D30NE01S[0m
[0;32mI (739) app_init: App version:      1[0m
[0;32mI (743) app_init: Compile time:     Oct 10 2024 14:35:07[0m
[0;32mI (749) app_init: ELF file SHA256:  a342e533ff593954...[0m
[0;32mI (755) app_init: ESP-IDF:          v5.4-dev-3489-g6e5a178b31-dirty[0m
[0;32mI (762) efuse_init: Min chip rev:     v0.0[0m
[0;32mI (767) efuse_init: Max chip rev:     v0.99 [0m
[0;32mI (772) efuse_init: Chip rev:         v0.1[0m
[0;32mI (777) heap_init: Initializing. RAM available for dynamic allocation:[0m
[0;32mI (784) heap_init: At 3FC9C1C0 len 0004D550 (309 KiB): RAM[0m
[0;32mI (790) heap_init: At 3FCE9710 len 00005724 (21 KiB): RAM[0m
[0;32mI (796) heap_init: At 600FE118 len 00001ED0 (7 KiB): RTCRAM[0m
[0;32mI (803) esp_psram: Adding pool of 7360K of PSRAM memory to heap allocator[0m
[0;32mI (810) spi_flash: detected chip: generic[0m
[0;32mI (815) spi_flash: flash io: qio[0m
[0;32mI (819) sleep_gpio: Configure to isolate all GPIO pins in sleep state[0m
[0;32mI (826) sleep_gpio: Enable automatic switching of GPIO sleep configuration[0m
[0;32mI (834) main_task: Started on CPU0[0m
[0;32mI (838) esp_psram: Reserving pool of 32K of internal memory for DMA/internal allocations[0m
[0;32mI (847) main_task: Calling app_main()[0m
[0;33mW (851) websocket_client: `reconnect_timeout_ms` is not set, or it is less than or equal to zero, using default time out 10000 (milliseconds)[0m
[0;33mW (864) websocket_client: `network_timeout_ms` is not set, or it is less than or equal to zero, using default time out 10000 (milliseconds)[0m

assert failed: tcpip_send_msg_wait_sem /IDF/components/lwip/lwip/src/api/tcpip.c:454 (Invalid mbox)


Backtrace: 0x40379e05:0x3fcaaed0 0x4037f231:0x3fcaaef0 0x4038586d:0x3fcaaf10 0x4202e609:0x3fcab030 0x42039a15:0x3fcab060 0x4202cba8:0x3fcab0a0 0x4200ed25:0x3fcab110 0x4200f4dd:0x3fcab1a0 0x420109d7:0x3fcab1c0 0x4204a0e9:0x3fcab1e0 0x42010e9d:0x3fcab200 0x4204a0e9:0x3fcab320 0x4200b3ad:0x3fcab340




ELF file SHA256: a342e533ff593954

Rebooting...
ESP-ROM:esp32s3-20210327
Build:Mar 27 2021
rst:0xc (RTC_SW_CPU_RST),boot:0xb (SPI_FAST_FLASH_BOOT)
Saved PC:0x40379d68
SPIWP:0xee
mode:DIO, clock div:1
load:0x3fce2820,len:0x1a00
load:0x403c8700,len:0x4
load:0x403c8704,len:0xec4
load:0x403cb700,len:0x314c
entry 0x403c8950
[0;32mI (26) boot: ESP-IDF v5.4-dev-3489-g6e5a178b31-dirty 2nd stage bootloader[0m
[0;32mI (26) boot: compile time Oct 10 2024 14:36:50[0m
[0;32mI (27) boot: Multicore bootloader[0m
[0;32mI (31) boot: chip revision: v0.1[0m
[0;32mI (35) boot: efuse block revision: v1.2[0m
[0;32mI (40) qio_mode: Enabling default flash chip QIO[0m
[0;32mI (45) boot.esp32s3: Boot SPI Speed : 80MHz[0m
[0;32mI (50) boot.esp32s3: SPI Mode       : QIO[0m
[0;32mI (54) boot.esp32s3: SPI Flash Size : 16MB[0m
[0;32mI (59) boot: Enabling RNG early entropy source...[0m
[0;32mI (65) boot: Partition Table:[0m
[0;32mI (68) boot: ## Label            Usage          Type ST Offset   Length[0m
[0;32mI (76) boot:  0 nvs              WiFi data        01 02 00009000 00006000[0m
[0;32mI (83) boot:  1 phy_init         RF data          01 01 0000f000 00001000[0m
[0;32mI (91) boot:  2 factory          factory app      00 00 00010000 00300000[0m
[0;32mI (98) boot: End of partition table[0m
[0;32mI (102) esp_image: segment 0: paddr=00010020 vaddr=3c050020 size=1cb78h (117624) map[0m
[0;32mI (128) esp_image: segment 1: paddr=0002cba0 vaddr=3fc97700 size=03308h ( 13064) load[0m
[0;32mI (131) esp_image: segment 2: paddr=0002feb0 vaddr=40378000 size=00168h (   360) load[0m
[0;32mI (134) esp_image: segment 3: paddr=00030020 vaddr=42000020 size=4e454h (320596) map[0m
[0;32mI (190) esp_image: segment 4: paddr=0007e47c vaddr=40378168 size=0f54ch ( 62796) load[0m
[0;32mI (202) esp_image: segment 5: paddr=0008d9d0 vaddr=600fe100 size=00018h (    24) load[0m
[0;32mI (209) boot: Loaded app from partition at offset 0x10000[0m
[0;32mI (209) boot: Disabling RNG early entropy source...[0m
[0;32mI (223) octal_psram: ECC is enabled[0m
[0;32mI (223) octal_psram: vendor id    : 0x0d (AP)[0m
[0;32mI (223) octal_psram: dev id       : 0x02 (generation 3)[0m
[0;32mI (227) octal_psram: density      : 0x03 (64 Mbit)[0m
[0;32mI (232) octal_psram: good-die     : 0x01 (Pass)[0m
[0;32mI (237) octal_psram: Latency      : 0x01 (Fixed)[0m
[0;32mI (243) octal_psram: VCC          : 0x01 (3V)[0m
[0;32mI (248) octal_psram: SRF          : 0x01 (Fast Refresh)[0m
[0;32mI (254) octal_psram: BurstType    : 0x00 ( Wrap)[0m
[0;32mI (259) octal_psram: BurstLen     : 0x03 (1024 Byte)[0m
[0;32mI (264) octal_psram: Readlatency  : 0x02 (10 cycles@Fixed)[0m
[0;32mI (271) octal_psram: DriveStrength: 0x00 (1/1)[0m
[0;32mI (276) MSPI Timing: PSRAM timing tuning index: 5[0m
[0;32mI (281) esp_psram: Found 8MB PSRAM device[0m
[0;32mI (286) esp_psram: Speed: 80MHz[0m
[0;32mI (319) mmu_psram: Instructions copied and mapped to SPIRAM[0m
[0;32mI (319) cpu_start: Multicore app[0m
[0;32mI (722) esp_psram: SPI SRAM memory test OK[0m
[0;32mI (731) cpu_start: Pro cpu start user code[0m
[0;32mI (731) cpu_start: cpu freq: 240000000 Hz[0m
[0;32mI (731) app_init: Application information:[0m
[0;32mI (734) app_init: Project name:     ZX4D30NE01S[0m
[0;32mI (739) app_init: App version:      1[0m
[0;32mI (743) app_init: Compile time:     Oct 10 2024 14:35:07[0m
[0;32mI (749) app_init: ELF file SHA256:  a342e533ff593954...[0m
[0;32mI (755) app_init: ESP-IDF:          v5.4-dev-3489-g6e5a178b31-dirty[0m
[0;32mI (762) efuse_init: Min chip rev:     v0.0[0m
[0;32mI (767) efuse_init: Max chip rev:     v0.99 [0m
[0;32mI (772) efuse_init: Chip rev:         v0.1[0m
[0;32mI (777) heap_init: Initializing. RAM available for dynamic allocation:[0m
[0;32mI (784) heap_init: At 3FC9C1C0 len 0004D550 (309 KiB): RAM[0m
[0;32mI (790) heap_init: At 3FCE9710 len 00005724 (21 KiB): RAM[0m
[0;32mI (796) heap_init: At 600FE118 len 00001ED0 (7 KiB): RTCRAM[0m
[0;32mI (803) esp_psram: Adding pool of 7360K of PSRAM memory to heap allocator[0m
[0;32mI (810) spi_flash: detected chip: generic[0m
[0;32mI (815) spi_flash: flash io: qio[0m
[0;32mI (819) sleep_gpio: Configure to isolate all GPIO pins in sleep state[0m
[0;32mI (826) sleep_gpio: Enable automatic switching of GPIO sleep configuration[0m
[0;32mI (834) main_task: Started on CPU0[0m
[0;32mI (838) esp_psram: Reserving pool of 32K of internal memory for DMA/internal allocations[0m
[0;32mI (847) main_task: Calling app_main()[0m
[0;33mW (851) websocket_client: `reconnect_timeout_ms` is not set, or it is less than or equal to zero, using default time out 10000 (milliseconds)[0m
[0;33mW (864) websocket_client: `network_timeout_ms` is not set, or it is less than or equal to zero, using default time out 10000 (milliseconds)[0m

assert failed: tcpip_send_msg_wait_sem /IDF/components/lwip/lwip/src/api/tcpip.c:454 (Invalid mbox)


Backtrace: 0x40379e05:0x3fcaaed0 0x4037f231:0x3fcaaef0 0x4038586d:0x3fcaaf10 0x4202e609:0x3fcab030 0x42039a15:0x3fcab060 0x4202cba8:0x3fcab0a0 0x4200ed25:0x3fcab110 0x4200f4dd:0x3fcab1a0 0x420109d7:0x3fcab1c0 0x4204a0e9:0x3fcab1e0 0x42010e9d:0x3fcab200 0x4204a0e9:0x3fcab320 0x4200b3ad:0x3fcab340




ELF file SHA256: a342e533ff593954

Rebooting...
ESP-ROM:esp32s3-20210327
Build:Mar 27 2021
rst:0xc (RTC_SW_CPU_RST),boot:0xb (SPI_FAST_FLASH_BOOT)
Saved PC:0x40379d68
SPIWP:0xee
mode:DIO, clock div:1
load:0x3fce2820,len:0x1a00
load:0x403c8700,len:0x4
load:0x403c8704,len:0xec4
load:0x403cb700,len:0x314c
entry 0x403c8950
[0;32mI (26) boot: ESP-IDF v5.4-dev-3489-g6e5a178b31-dirty 2nd stage bootloader[0m
[0;32mI (26) boot: compile time Oct 10 2024 14:36:50[0m
[0;32mI (27) boot: Multicore bootloader[0m
[0;32mI (31) boot: chip revision: v0.1[0m
[0;32mI (35) boot: efuse block revision: v1.2[0m
[0;32mI (40) qio_mode: Enabling default flash chip QIO[0m
[0;32mI (45) boot.esp32s3: Boot SPI Speed : 80MHz[0m
[0;32mI (50) boot.esp32s3: SPI Mode       : QIO[0m
[0;32mI (54) boot.esp32s3: SPI Flash Size : 16MB[0m
[0;32mI (59) boot: Enabling RNG early entropy source...[0m
[0;32mI (65) boot: Partition Table:[0m
[0;32mI (68) boot: ## Label            Usage          Type ST Offset   Length[0m
[0;32mI (76) boot:  0 nvs              WiFi data        01 02 00009000 00006000[0m
[0;32mI (83) boot:  1 phy_init         RF data          01 01 0000f000 00001000[0m
[0;32mI (91) boot:  2 factory          factory app      00 00 00010000 00300000[0m
[0;32mI (98) boot: End of partition table[0m
[0;32mI (102) esp_image: segment 0: paddr=00010020 vaddr=3c050020 size=1cb78h (117624) map[0m
[0;32mI (128) esp_image: segment 1: paddr=0002cba0 vaddr=3fc97700 size=03308h ( 13064) load[0m
[0;32mI (131) esp_image: segment 2: paddr=0002feb0 vaddr=40378000 size=00168h (   360) load[0m
[0;32mI (134) esp_image: segment 3: paddr=00030020 vaddr=42000020 size=4e454h (320596) map[0m
[0;32mI (190) esp_image: segment 4: paddr=0007e47c vaddr=40378168 size=0f54ch ( 62796) load[0m
[0;32mI (202) esp_image: segment 5: paddr=0008d9d0 vaddr=600fe100 size=00018h (    24) load[0m
[0;32mI (209) boot: Loaded app from partition at offset 0x10000[0m
[0;32mI (209) boot: Disabling RNG early entropy source...[0m
[0;32mI (223) octal_psram: ECC is enabled[0m
[0;32mI (223) octal_psram: vendor id    : 0x0d (AP)[0m
[0;32mI (223) octal_psram: dev id       : 0x02 (generation 3)[0m
[0;32mI (227) octal_psram: density      : 0x03 (64 Mbit)[0m
[0;32mI (232) octal_psram: good-die     : 0x01 (Pass)[0m
[0;32mI (237) octal_psram: Latency      : 0x01 (Fixed)[0m
[0;32mI (243) octal_psram: VCC          : 0x01 (3V)[0m
[0;32mI (248) octal_psram: SRF          : 0x01 (Fast Refresh)[0m
[0;32mI (254) octal_psram: BurstType    : 0x00 ( Wrap)[0m
[0;32mI (259) octal_psram: BurstLen     : 0x03 (1024 Byte)[0m
[0;32mI (264) octal_psram: Readlatency  : 0x02 (10 cycles@Fixed)[0m
[0;32mI (271) octal_psram: DriveStrength: 0x00 (1/1)[0m
[0;32mI (276) MSPI Timing: PSRAM timing tuning index: 5[0m
[0;32mI (281) esp_psram: Found 8MB PSRAM device[0m
[0;32mI (286) esp_psram: Speed: 80MHz[0m
[0;32mI (319) mmu_psram: Instructions copied and mapped to SPIRAM[0m
[0;32mI (319) cpu_start: Multicore app[0m
[0;32mI (722) esp_psram: SPI SRAM memory test OK[0m
[0;32mI (731) cpu_start: Pro cpu start user code[0m
[0;32mI (731) cpu_start: cpu freq: 240000000 Hz[0m
[0;32mI (731) app_init: Application information:[0m
[0;32mI (734) app_init: Project name:     ZX4D30NE01S[0m
[0;32mI (739) app_init: App version:      1[0m
[0;32mI (743) app_init: Compile time:     Oct 10 2024 14:35:07[0m
[0;32mI (749) app_init: ELF file SHA256:  a342e533ff593954...[0m
[0;32mI (755) app_init: ESP-IDF:          v5.4-dev-3489-g6e5a178b31-dirty[0m
[0;32mI (762) efuse_init: Min chip rev:     v0.0[0m
[0;32mI (767) efuse_init: Max chip rev:     v0.99 [0m
[0;32mI (772) efuse_init: Chip rev:         v0.1[0m
[0;32mI (777) heap_init: Initializing. RAM available for dynamic allocation:[0m
[0;32mI (784) heap_init: At 3FC9C1C0 len 0004D550 (309 KiB): RAM[0m
[0;32mI (790) heap_init: At 3FCE9710 len 00005724 (21 KiB): RAM[0m
[0;32mI (796) heap_init: At 600FE118 len 00001ED0 (7 KiB): RTCRAM[0m
[0;32mI (803) esp_psram: Adding pool of 7360K of PSRAM memory to heap allocator[0m
[0;32mI (810) spi_flash: detected chip: generic[0m
[0;32mI (815) spi_flash: flash io: qio[0m
[0;32mI (819) sleep_gpio: Configure to isolate all GPIO pins in sleep state[0m
[0;32mI (826) sleep_gpio: Enable automatic switching of GPIO sleep configuration[0m
[0;32mI (834) main_task: Started on CPU0[0m
[0;32mI (838) esp_psram: Reserving pool of 32K of internal memory for DMA/internal allocations[0m
[0;32mI (847) main_task: Calling app_main()[0m
[0;33mW (851) websocket_client: `reconnect_timeout_ms` is not set, or it is less than or equal to zero, using default time out 10000 (milliseconds)[0m
[0;33mW (864) websocket_client: `network_timeout_ms` is not set, or it is less than or equal to zero, using default time out 10000 (milliseconds)[0m

assert failed: tcpip_send_msg_wait_sem /IDF/components/lwip/lwip/src/api/tcpip.c:454 (Invalid mbox)


Backtrace: 0x40379e05:0x3fcaaed0 0x4037f231:0x3fcaaef0 0x4038586d:0x3fcaaf10 0x4202e609:0x3fcab030 0x42039a15:0x3fcab060 0x4202cba8:0x3fcab0a0 0x4200ed25:0x3fcab110 0x4200f4dd:0x3fcab1a0 0x420109d7:0x3fcab1c0 0x4204a0e9:0x3fcab1e0 0x42010e9d:0x3fcab200 0x4204a0e9:0x3fcab320 0x4200b3ad:0x3fcab340




ELF file SHA256: a342e533ff593954

Rebooting...
ESP-ROM:esp32s3-20210327
Build:Mar 27 2021
rst:0xc (RTC_SW_CPU_RST),boot:0xb (SPI_FAST_FLASH_BOOT)
Saved PC:0x40379d68
SPIWP:0xee
mode:DIO, clock div:1
load:0x3fce2820,len:0x1a00
load:0x403c8700,len:0x4
load:0x403c8704,len:0xec4
load:0x403cb700,len:0x314c
entry 0x403c8950
[0;32mI (26) boot: ESP-IDF v5.4-dev-3489-g6e5a178b31-dirty 2nd stage bootloader[0m
[0;32mI (26) boot: compile time Oct 10 2024 14:36:50[0m
[0;32mI (27) boot: Multicore bootloader[0m
[0;32mI (31) boot: chip revision: v0.1[0m
[0;32mI (35) boot: efuse block revision: v1.2[0m
[0;32mI (40) qio_mode: Enabling default flash chip QIO[0m
[0;32mI (45) boot.esp32s3: Boot SPI Speed : 80MHz[0m
[0;32mI (50) boot.esp32s3: SPI Mode       : QIO[0m
[0;32mI (54) boot.esp32s3: SPI Flash Size : 16MB[0m
[0;32mI (59) boot: Enabling RNG early entropy source...[0m
[0;32mI (65) boot: Partition Table:[0m
[0;32mI (68) boot: ## Label            Usage          Type ST Offset   Length[0m
[0;32mI (76) boot:  0 nvs              WiFi data        01 02 00009000 00006000[0m
[0;32mI (83) boot:  1 phy_init         RF data          01 01 0000f000 00001000[0m
[0;32mI (91) boot:  2 factory          factory app      00 00 00010000 00300000[0m
[0;32mI (98) boot: End of partition table[0m
[0;32mI (102) esp_image: segment 0: paddr=00010020 vaddr=3c050020 size=1cb78h (117624) map[0m
[0;32mI (128) esp_image: segment 1: paddr=0002cba0 vaddr=3fc97700 size=03308h ( 13064) load[0m
[0;32mI (131) esp_image: segment 2: paddr=0002feb0 vaddr=40378000 size=00168h (   360) load[0m
[0;32mI (134) esp_image: segment 3: paddr=00030020 vaddr=42000020 size=4e454h (320596) map[0m
[0;32mI (190) esp_image: segment 4: paddr=0007e47c vaddr=40378168 size=0f54ch ( 62796) load[0m
[0;32mI (202) esp_image: segment 5: paddr=0008d9d0 vaddr=600fe100 size=00018h (    24) load[0m
[0;32mI (209) boot: Loaded app from partition at offset 0x10000[0m
[0;32mI (209) boot: Disabling RNG early entropy source...[0m
[0;32mI (223) octal_psram: ECC is enabled[0m
[0;32mI (223) octal_psram: vendor id    : 0x0d (AP)[0m
[0;32mI (223) octal_psram: dev id       : 0x02 (generation 3)[0m
[0;32mI (227) octal_psram: density      : 0x03 (64 Mbit)[0m
[0;32mI (232) octal_psram: good-die     : 0x01 (Pass)[0m
[0;32mI (237) octal_psram: Latency      : 0x01 (Fixed)[0m
[0;32mI (243) octal_psram: VCC          : 0x01 (3V)[0m
[0;32mI (248) octal_psram: SRF          : 0x01 (Fast Refresh)[0m
[0;32mI (254) octal_psram: BurstType    : 0x00 ( Wrap)[0m
[0;32mI (259) octal_psram: BurstLen     : 0x03 (1024 Byte)[0m
[0;32mI (264) octal_psram: Readlatency  : 0x02 (10 cycles@Fixed)[0m
[0;32mI (271) octal_psram: DriveStrength: 0x00 (1/1)[0m
[0;32mI (276) MSPI Timing: PSRAM timing tuning index: 5[0m
[0;32mI (281) esp_psram: Found 8MB PSRAM device[0m
[0;32mI (286) esp_psram: Speed: 80MHz[0m
[0;32mI (319) mmu_psram: Instructions copied and mapped to SPIRAM[0m
[0;32mI (319) cpu_start: Multicore app[0m
[0;32mI (722) esp_psram: SPI SRAM memory test OK[0m
[0;32mI (731) cpu_start: Pro cpu start user code[0m
[0;32mI (731) cpu_start: cpu freq: 240000000 Hz[0m
[0;32mI (731) app_init: Application information:[0m
[0;32mI (734) app_init: Project name:     ZX4D30NE01S[0m
[0;32mI (739) app_init: App version:      1[0m
[0;32mI (743) app_init: Compile time:     Oct 10 2024 14:35:07[0m
[0;32mI (749) app_init: ELF file SHA256:  a342e533ff593954...[0m
[0;32mI (755) app_init: ESP-IDF:          v5.4-dev-3489-g6e5a178b31-dirty[0m
[0;32mI (762) efuse_init: Min chip rev:     v0.0[0m
[0;32mI (767) efuse_init: Max chip rev:     v0.99 [0m
[0;32mI (772) efuse_init: Chip rev:         v0.1[0m
[0;32mI (777) heap_init: Initializing. RAM available for dynamic allocation:[0m
[0;32mI (784) heap_init: At 3FC9C1C0 len 0004D550 (309 KiB): RAM[0m
[0;32mI (790) heap_init: At 3FCE9710 len 00005724 (21 KiB): RAM[0m
[0;32mI (796) heap_init: At 600FE118 len 00001ED0 (7 KiB): RTCRAM[0m
[0;32mI (803) esp_psram: Adding pool of 7360K of PSRAM memory to heap allocator[0m
[0;32mI (810) spi_flash: detected chip: generic[0m
[0;32mI (815) spi_flash: flash io: qio[0m
[0;32mI (819) sleep_gpio: Configure to isolate all GPIO pins in sleep state[0m
[0;32mI (826) sleep_gpio: Enable automatic switching of GPIO sleep configuration[0m
[0;32mI (834) main_task: Started on CPU0[0m
[0;32mI (838) esp_psram: Reserving pool of 32K of internal memory for DMA/internal allocations[0m
[0;32mI (847) main_task: Calling app_main()[0m
[0;33mW (851) websocket_client: `reconnect_timeout_ms` is not set, or it is less than or equal to zero, using default time out 10000 (milliseconds)[0m
[0;33mW (864) websocket_client: `network_timeout_ms` is not set, or it is less than or equal to zero, using default time out 10000 (milliseconds)[0m

assert failed: tcpip_send_msg_wait_sem /IDF/components/lwip/lwip/src/api/tcpip.c:454 (Invalid mbox)


Backtrace: 0x40379e05:0x3fcaaed0 0x4037f231:0x3fcaaef0 0x4038586d:0x3fcaaf10 0x4202e609:0x3fcab030 0x42039a15:0x3fcab060 0x4202cba8:0x3fcab0a0 0x4200ed25:0x3fcab110 0x4200f4dd:0x3fcab1a0 0x420109d7:0x3fcab1c0 0x4204a0e9:0x3fcab1e0 0x42010e9d:0x3fcab200 0x4204a0e9:0x3fcab320 0x4200b3ad:0x3fcab340




ELF file SHA256: a342e533ff593954

Rebooting...
ESP-ROM:esp32s3-20210327
Build:Mar 27 2021
rst:0xc (RTC_SW_CPU_RST),boot:0xb (SPI_FAST_FLASH_BOOT)
Saved PC:0x40379d68
SPIWP:0xee
mode:DIO, clock div:1
load:0x3fce2820,len:0x1a00
load:0x403c8700,len:0x4
load:0x403c8704,len:0xec4
load:0x403cb700,len:0x314c
entry 0x403c8950
[0;32mI (26) boot: ESP-IDF v5.4-dev-3489-g6e5a178b31-dirty 2nd stage bootloader[0m
[0;32mI (26) boot: compile time Oct 10 2024 14:36:50[0m
[0;32mI (27) boot: Multicore bootloader[0m
[0;32mI (31) boot: chip revision: v0.1[0m
[0;32mI (35) boot: efuse block revision: v1.2[0m
[0;32mI (40) qio_mode: Enabling default flash chip QIO[0m
[0;32mI (45) boot.esp32s3: Boot SPI Speed : 80MHz[0m
[0;32mI (50) boot.esp32s3: SPI Mode       : QIO[0m
[0;32mI (54) boot.esp32s3: SPI Flash Size : 16MB[0m
[0;32mI (59) boot: Enabling RNG early entropy source...[0m
[0;32mI (65) boot: Partition Table:[0m
[0;32mI (68) boot: ## Label            Usage          Type ST Offset   Length[0m
[0;32mI (76) boot:  0 nvs              WiFi data        01 02 00009000 00006000[0m
[0;32mI (83) boot:  1 phy_init         RF data          01 01 0000f000 00001000[0m
[0;32mI (91) boot:  2 factory          factory app      00 00 00010000 00300000[0m
[0;32mI (98) boot: End of partition table[0m
[0;32mI (102) esp_image: segment 0: paddr=00010020 vaddr=3c050020 size=1cb78h (117624) map[0m
[0;32mI (128) esp_image: segment 1: paddr=0002cba0 vaddr=3fc97700 size=03308h ( 13064) load[0m
[0;32mI (131) esp_image: segment 2: paddr=0002feb0 vaddr=40378000 size=00168h (   360) load[0m
[0;32mI (134) esp_image: segment 3: paddr=00030020 vaddr=42000020 size=4e454h (320596) map[0m
[0;32mI (190) esp_image: segment 4: paddr=0007e47c vaddr=40378168 size=0f54ch ( 62796) load[0m
[0;32mI (202) esp_image: segment 5: paddr=0008d9d0 vaddr=600fe100 size=00018h (    24) load[0m
[0;32mI (209) boot: Loaded app from partition at offset 0x10000[0m
[0;32mI (209) boot: Disabling RNG early entropy source...[0m
[0;32mI (223) octal_psram: ECC is enabled[0m
[0;32mI (223) octal_psram: vendor id    : 0x0d (AP)[0m
[0;32mI (223) octal_psram: dev id       : 0x02 (generation 3)[0m
[0;32mI (227) octal_psram: density      : 0x03 (64 Mbit)[0m
[0;32mI (232) octal_psram: good-die     : 0x01 (Pass)[0m
[0;32mI (237) octal_psram: Latency      : 0x01 (Fixed)[0m
[0;32mI (243) octal_psram: VCC          : 0x01 (3V)[0m
[0;32mI (248) octal_psram: SRF          : 0x01 (Fast Refresh)[0m
[0;32mI (254) octal_psram: BurstType    : 0x00 ( Wrap)[0m
[0;32mI (259) octal_psram: BurstLen     : 0x03 (1024 Byte)[0m
[0;32mI (264) octal_psram: Readlatency  : 0x02 (10 cycles@Fixed)[0m
[0;32mI (271) octal_psram: DriveStrength: 0x00 (1/1)[0m
[0;32mI (276) MSPI Timing: PSRAM timing tuning index: 5[0m
[0;32mI (281) esp_psram: Found 8MB PSRAM device[0m
[0;32mI (286) esp_psram: Speed: 80MHz[0m
[0;32mI (319) mmu_psram: Instructions copied and mapped to SPIRAM[0m
[0;32mI (319) cpu_start: Multicore app[0m
[0;32mI (722) esp_psram: SPI SRAM memory test OK[0m
[0;32mI (731) cpu_start: Pro cpu start user code[0m
[0;32mI (731) cpu_start: cpu freq: 240000000 Hz[0m
[0;32mI (731) app_init: Application information:[0m
[0;32mI (734) app_init: Project name:     ZX4D30NE01S[0m
[0;32mI (739) app_init: App version:      1[0m
[0;32mI (743) app_init: Compile time:     Oct 10 2024 14:35:07[0m
[0;32mI (749) app_init: ELF file SHA256:  a342e533ff593954...[0m
[0;32mI (755) app_init: ESP-IDF:          v5.4-dev-3489-g6e5a178b31-dirty[0m
[0;32mI (762) efuse_init: Min chip rev:     v0.0[0m
[0;32mI (767) efuse_init: Max chip rev:     v0.99 [0m
[0;32mI (772) efuse_init: Chip rev:         v0.1[0m
[0;32mI (777) heap_init: Initializing. RAM available for dynamic allocation:[0m
[0;32mI (784) heap_init: At 3FC9C1C0 len 0004D550 (309 KiB): RAM[0m
[0;32mI (790) heap_init: At 3FCE9710 len 00005724 (21 KiB): RAM[0m
[0;32mI (796) heap_init: At 600FE118 len 00001ED0 (7 KiB): RTCRAM[0m
[0;32mI (803) esp_psram: Adding pool of 7360K of PSRAM memory to heap allocator[0m
[0;32mI (810) spi_flash: detected chip: generic[0m
[0;32mI (815) spi_flash: flash io: qio[0m
[0;32mI (819) sleep_gpio: Configure to isolate all GPIO pins in sleep state[0m
[0;32mI (826) sleep_gpio: Enable automatic switching of GPIO sleep configuration[0m
[0;32mI (834) main_task: Started on CPU0[0m
[0;32mI (838) esp_psram: Reserving pool of 32K of internal memory for DMA/internal allocations[0m
[0;32mI (847) main_task: Calling app_main()[0m
[0;33mW (851) websocket_client: `reconnect_timeout_ms` is not set, or it is less than or equal to zero, using default time out 10000 (milliseconds)[0m
[0;33mW (864) websocket_client: `network_timeout_ms` is not set, or it is less than or equal to zero, using default time out 10000 (milliseconds)[0m

assert failed: tcpip_send_msg_wait_sem /IDF/components/lwip/lwip/src/api/tcpip.c:454 (Invalid mbox)


Backtrace: 0x40379e05:0x3fcaaed0 0x4037f231:0x3fcaaef0 0x4038586d:0x3fcaaf10 0x4202e609:0x3fcab030 0x42039a15:0x3fcab060 0x4202cba8:0x3fcab0a0 0x4200ed25:0x3fcab110 0x4200f4dd:0x3fcab1a0 0x420109d7:0x3fcab1c0 0x4204a0e9:0x3fcab1e0 0x42010e9d:0x3fcab200 0x4204a0e9:0x3fcab320 0x4200b3ad:0x3fcab340




ELF file SHA256: a342e533ff593954

Rebooting...
ESP-ROM:esp32s3-20210327
Build:Mar 27 2021
rst:0xc (RTC_SW_CPU_RST),boot:0xb (SPI_FAST_FLASH_BOOT)
Saved PC:0x40379d68
SPIWP:0xee
mode:DIO, clock div:1
load:0x3fce2820,len:0x1a00
load:0x403c8700,len:0x4
load:0x403c8704,len:0xec4
load:0x403cb700,len:0x314c
entry 0x403c8950
[0;32mI (26) boot: ESP-IDF v5.4-dev-3489-g6e5a178b31-dirty 2nd stage bootloader[0m
[0;32mI (26) boot: compile time Oct 10 2024 14:36:50[0m
[0;32mI (27) boot: Multicore bootloader[0m
[0;32mI (31) boot: chip revision: v0.1[0m
[0;32mI (35) boot: efuse block revision: v1.2[0m
[0;32mI (40) qio_mode: Enabling default flash chip QIO[0m
[0;32mI (45) boot.esp32s3: Boot SPI Speed : 80MHz[0m
[0;32mI (50) boot.esp32s3: SPI Mode       : QIO[0m
[0;32mI (54) boot.esp32s3: SPI Flash Size : 16MB[0m
[0;32mI (59) boot: Enabling RNG early entropy source...[0m
[0;32mI (65) boot: Partition Table:[0m
[0;32mI (68) boot: ## Label            Usage          Type ST Offset   Length[0m
[0;32mI (76) boot:  0 nvs              WiFi data        01 02 00009000 00006000[0m
[0;32mI (83) boot:  1 phy_init         RF data          01 01 0000f000 00001000[0m
[0;32mI (91) boot:  2 factory          factory app      00 00 00010000 00300000[0m
[0;32mI (98) boot: End of partition table[0m
[0;32mI (102) esp_image: segment 0: paddr=00010020 vaddr=3c050020 size=1cb78h (117624) map[0m
[0;32mI (128) esp_image: segment 1: paddr=0002cba0 vaddr=3fc97700 size=03308h ( 13064) load[0m
[0;32mI (131) esp_image: segment 2: paddr=0002feb0 vaddr=40378000 size=00168h (   360) load[0m
[0;32mI (134) esp_image: segment 3: paddr=00030020 vaddr=42000020 size=4e454h (320596) map[0m
[0;32mI (190) esp_image: segment 4: paddr=0007e47c vaddr=40378168 size=0f54ch ( 62796) load[0m
[0;32mI (202) esp_image: segment 5: paddr=0008d9d0 vaddr=600fe100 size=00018h (    24) load[0m
[0;32mI (209) boot: Loaded app from partition at offset 0x10000[0m
[0;32mI (209) boot: Disabling RNG early entropy source...[0m
[0;32mI (223) octal_psram: ECC is enabled[0m
[0;32mI (223) octal_psram: vendor id    : 0x0d (AP)[0m
[0;32mI (223) octal_psram: dev id       : 0x02 (generation 3)[0m
[0;32mI (227) octal_psram: density      : 0x03 (64 Mbit)[0m
[0;32mI (232) octal_psram: good-die     : 0x01 (Pass)[0m
[0;32mI (237) octal_psram: Latency      : 0x01 (Fixed)[0m
[0;32mI (243) octal_psram: VCC          : 0x01 (3V)[0m
[0;32mI (248) octal_psram: SRF          : 0x01 (Fast Refresh)[0m
[0;32mI (254) octal_psram: BurstType    : 0x00 ( Wrap)[0m
[0;32mI (259) octal_psram: BurstLen     : 0x03 (1024 Byte)[0m
[0;32mI (264) octal_psram: Readlatency  : 0x02 (10 cycles@Fixed)[0m
[0;32mI (271) octal_psram: DriveStrength: 0x00 (1/1)[0m
[0;32mI (276) MSPI Timing: PSRAM timing tuning index: 5[0m
[0;32mI (281) esp_psram: Found 8MB PSRAM device[0m
[0;32mI (286) esp_psram: Speed: 80MHz[0m
[0;32mI (319) mmu_psram: Instructions copied and mapped to SPIRAM[0m
[0;32mI (319) cpu_start: Multicore app[0m
[0;32mI (723) esp_psram: SPI SRAM memory test OK[0m
[0;32mI (731) cpu_start: Pro cpu start user code[0m
[0;32mI (731) cpu_start: cpu freq: 240000000 Hz[0m
[0;32mI (731) app_init: Application information:[0m
[0;32mI (734) app_init: Project name:     ZX4D30NE01S[0m
[0;32mI (739) app_init: App version:      1[0m
[0;32mI (744) app_init: Compile time:     Oct 10 2024 14:35:07[0m
[0;32mI (750) app_init: ELF file SHA256:  a342e533ff593954...[0m
[0;32mI (755) app_init: ESP-IDF:          v5.4-dev-3489-g6e5a178b31-dirty[0m
[0;32mI (762) efuse_init: Min chip rev:     v0.0[0m
[0;32mI (767) efuse_init: Max chip rev:     v0.99 [0m
[0;32mI (772) efuse_init: Chip rev:         v0.1[0m
[0;32mI (777) heap_init: Initializing. RAM available for dynamic allocation:[0m
[0;32mI (784) heap_init: At 3FC9C1C0 len 0004D550 (309 KiB): RAM[0m
[0;32mI (790) heap_init: At 3FCE9710 len 00005724 (21 KiB): RAM[0m
[0;32mI (796) heap_init: At 600FE118 len 00001ED0 (7 KiB): RTCRAM[0m
[0;32mI (803) esp_psram: Adding pool of 7360K of PSRAM memory to heap allocator[0m
[0;32mI (811) spi_flash: detected chip: generic[0m
[0;32mI (815) spi_flash: flash io: qio[0m
[0;32mI (819) sleep_gpio: Configure to isolate all GPIO pins in sleep state[0m
[0;32mI (826) sleep_gpio: Enable automatic switching of GPIO sleep configuration[0m
[0;32mI (834) main_task: Started on CPU0[0m
[0;32mI (838) esp_psram: Reserving pool of 32K of internal memory for DMA/internal allocations[0m
[0;32mI (847) main_task: Calling app_main()[0m
[0;33mW (851) websocket_client: `reconnect_timeout_ms` is not set, or it is less than or equal to zero, using default time out 10000 (milliseconds)[0m
[0;33mW (864) websocket_client: `network_timeout_ms` is not set, or it is less than or equal to zero, using default time out 10000 (milliseconds)[0m

assert failed: tcpip_send_msg_wait_sem /IDF/components/lwip/lwip/src/api/tcpip.c:454 (Invalid mbox)


Backtrace: 0x40379e05:0x3fcaaed0 0x4037f231:0x3fcaaef0 0x4038586d:0x3fcaaf10 0x4202e609:0x3fcab030 0x42039a15:0x3fcab060 0x4202cba8:0x3fcab0a0 0x4200ed25:0x3fcab110 0x4200f4dd:0x3fcab1a0 0x420109d7:0x3fcab1c0 0x4204a0e9:0x3fcab1e0 0x42010e9d:0x3fcab200 0x4204a0e9:0x3fcab320 0x4200b3ad:0x3fcab340




ELF file SHA256: a342e533ff593954

Rebooting...
ESP-ROM:esp32s3-20210327
Build:Mar 27 2021
rst:0xc (RTC_SW_CPU_RST),boot:0xb (SPI_FAST_FLASH_BOOT)
Saved PC:0x40379d68
SPIWP:0xee
mode:DIO, clock div:1
load:0x3fce2820,len:0x1a00
load:0x403c8700,len:0x4
load:0x403c8704,len:0xec4
load:0x403cb700,len:0x314c
entry 0x403c8950
[0;32mI (26) boot: ESP-IDF v5.4-dev-3489-g6e5a178b31-dirty 2nd stage bootloader[0m
[0;32mI (26) boot: compile time Oct 10 2024 14:36:50[0m
[0;32mI (27) boot: Multicore bootloader[0m
[0;32mI (31) boot: chip revision: v0.1[0m
[0;32mI (35) boot: efuse block revision: v1.2[0m
[0;32mI (40) qio_mode: Enabling default flash chip QIO[0m
[0;32mI (45) boot.esp32s3: Boot SPI Speed : 80MHz[0m
[0;32mI (50) boot.esp32s3: SPI Mode       : QIO[0m
[0;32mI (54) boot.esp32s3: SPI Flash Size : 16MB[0m
[0;32mI (59) boot: Enabling RNG early entropy source...[0m
[0;32mI (65) boot: Partition Table:[0m
[0;32mI (68) boot: ## Label            Usage          Type ST Offset   Length[0m
[0;32mI (76) boot:  0 nvs              WiFi data        01 02 00009000 00006000[0m
[0;32mI (83) boot:  1 phy_init         RF data          01 01 0000f000 00001000[0m
[0;32mI (91) boot:  2 factory          factory app      00 00 00010000 00300000[0m
[0;32mI (98) boot: End of partition table[0m
[0;32mI (102) esp_image: segment 0: paddr=00010020 vaddr=3c050020 size=1cb78h (117624) map[0m
[0;32mI (128) esp_image: segment 1: paddr=0002cba0 vaddr=3fc97700 size=03308h ( 13064) load[0m
[0;32mI (131) esp_image: segment 2: paddr=0002feb0 vaddr=40378000 size=00168h (   360) load[0m
[0;32mI (134) esp_image: segment 3: paddr=00030020 vaddr=42000020 size=4e454h (320596) map[0m
[0;32mI (190) esp_image: segment 4: paddr=0007e47c vaddr=40378168 size=0f54ch ( 62796) load[0m
[0;32mI (202) esp_image: segment 5: paddr=0008d9d0 vaddr=600fe100 size=00018h (    24) load[0m
[0;32mI (209) boot: Loaded app from partition at offset 0x10000[0m
[0;32mI (209) boot: Disabling RNG early entropy source...[0m
[0;32mI (223) octal_psram: ECC is enabled[0m
[0;32mI (223) octal_psram: vendor id    : 0x0d (AP)[0m
[0;32mI (223) octal_psram: dev id       : 0x02 (generation 3)[0m
[0;32mI (227) octal_psram: density      : 0x03 (64 Mbit)[0m
[0;32mI (232) octal_psram: good-die     : 0x01 (Pass)[0m
[0;32mI (237) octal_psram: Latency      : 0x01 (Fixed)[0m
[0;32mI (243) octal_psram: VCC          : 0x01 (3V)[0m
[0;32mI (248) octal_psram: SRF          : 0x01 (Fast Refresh)[0m
[0;32mI (254) octal_psram: BurstType    : 0x00 ( Wrap)[0m
[0;32mI (259) octal_psram: BurstLen     : 0x03 (1024 Byte)[0m
[0;32mI (264) octal_psram: Readlatency  : 0x02 (10 cycles@Fixed)[0m
[0;32mI (271) octal_psram: DriveStrength: 0x00 (1/1)[0m
[0;32mI (276) MSPI Timing: PSRAM timing tuning index: 5[0m
[0;32mI (281) esp_psram: Found 8MB PSRAM device[0m
[0;32mI (286) esp_psram: Speed: 80MHz[0m
[0;32mI (318) mmu_psram: Instructions copied and mapped to SPIRAM[0m
[0;32mI (319) cpu_start: Multicore app[0m
[0;32mI (722) esp_psram: SPI SRAM memory test OK[0m
[0;32mI (731) cpu_start: Pro cpu start user code[0m
[0;32mI (731) cpu_start: cpu freq: 240000000 Hz[0m
[0;32mI (731) app_init: Application information:[0m
[0;32mI (734) app_init: Project name:     ZX4D30NE01S[0m
[0;32mI (739) app_init: App version:      1[0m
[0;32mI (743) app_init: Compile time:     Oct 10 2024 14:35:07[0m
[0;32mI (749) app_init: ELF file SHA256:  a342e533ff593954...[0m
[0;32mI (755) app_init: ESP-IDF:          v5.4-dev-3489-g6e5a178b31-dirty[0m
[0;32mI (762) efuse_init: Min chip rev:     v0.0[0m
[0;32mI (767) efuse_init: Max chip rev:     v0.99 [0m
[0;32mI (772) efuse_init: Chip rev:         v0.1[0m
[0;32mI (777) heap_init: Initializing. RAM available for dynamic allocation:[0m
[0;32mI (784) heap_init: At 3FC9C1C0 len 0004D550 (309 KiB): RAM[0m
[0;32mI (790) heap_init: At 3FCE9710 len 00005724 (21 KiB): RAM[0m
[0;32mI (796) heap_init: At 600FE118 len 00001ED0 (7 KiB): RTCRAM[0m
[0;32mI (803) esp_psram: Adding pool of 7360K of PSRAM memory to heap allocator[0m
[0;32mI (810) spi_flash: detected chip: generic[0m
[0;32mI (815) spi_flash: flash io: qio[0m
[0;32mI (819) sleep_gpio: Configure to isolate all GPIO pins in sleep state[0m
[0;32mI (826) sleep_gpio: Enable automatic switching of GPIO sleep configuration[0m
[0;32mI (834) main_task: Started on CPU0[0m
[0;32mI (838) esp_psram: Reserving pool of 32K of internal memory for DMA/internal allocations[0m
[0;32mI (847) main_task: Calling app_main()[0m
[0;33mW (851) websocket_client: `reconnect_timeout_ms` is not set, or it is less than or equal to zero, using default time out 10000 (milliseconds)[0m
[0;33mW (864) websocket_client: `network_timeout_ms` is not set, or it is less than or equal to zero, using default time out 10000 (milliseconds)[0m

assert failed: tcpip_send_msg_wait_sem /IDF/components/lwip/lwip/src/api/tcpip.c:454 (Invalid mbox)


Backtrace: 0x40379e05:0x3fcaaed0 0x4037f231:0x3fcaaef0 0x4038586d:0x3fcaaf10 0x4202e609:0x3fcab030 0x42039a15:0x3fcab060 0x4202cba8:0x3fcab0a0 0x4200ed25:0x3fcab110 0x4200f4dd:0x3fcab1a0 0x420109d7:0x3fcab1c0 0x4204a0e9:0x3fcab1e0 0x42010e9d:0x3fcab200 0x4204a0e9:0x3fcab320 0x4200b3ad:0x3fcab340




ELF file SHA256: a342e533ff593954

Rebooting...
ESP-ROM:esp32s3-20210327
Build:Mar 27 2021
rst:0xc (RTC_SW_CPU_RST),boot:0xb (SPI_FAST_FLASH_BOOT)
Saved PC:0x40379d68
SPIWP:0xee
mode:DIO, clock div:1
load:0x3fce2820,len:0x1a00
load:0x403c8700,len:0x4
load:0x403c8704,len:0xec4
load:0x403cb700,len:0x314c
entry 0x403c8950
[0;32mI (26) boot: ESP-IDF v5.4-dev-3489-g6e5a178b31-dirty 2nd stage bootloader[0m
[0;32mI (26) boot: compile time Oct 10 2024 14:36:50[0m
[0;32mI (27) boot: Multicore bootloader[0m
[0;32mI (31) boot: chip revision: v0.1[0m
[0;32mI (35) boot: efuse block revision: v1.2[0m
[0;32mI (40) qio_mode: Enabling default flash chip QIO[0m
[0;32mI (45) boot.esp32s3: Boot SPI Speed : 80MHz[0m
[0;32mI (50) boot.esp32s3: SPI Mode       : QIO[0m
[0;32mI (54) boot.esp32s3: SPI Flash Size : 16MB[0m
[0;32mI (59) boot: Enabling RNG early entropy source...[0m
[0;32mI (65) boot: Partition Table:[0m
[0;32mI (68) boot: ## Label            Usage          Type ST Offset   Length[0m
[0;32mI (76) boot:  0 nvs              WiFi data        01 02 00009000 00006000[0m
[0;32mI (83) boot:  1 phy_init         RF data          01 01 0000f000 00001000[0m
[0;32mI (91) boot:  2 factory          factory app      00 00 00010000 00300000[0m
[0;32mI (98) boot: End of partition table[0m
[0;32mI (102) esp_image: segment 0: paddr=00010020 vaddr=3c050020 size=1cb78h (117624) map[0m
[0;32mI (128) esp_image: segment 1: paddr=0002cba0 vaddr=3fc97700 size=03308h ( 13064) load[0m
[0;32mI (131) esp_image: segment 2: paddr=0002feb0 vaddr=40378000 size=00168h (   360) load[0m
[0;32mI (134) esp_image: segment 3: paddr=00030020 vaddr=42000020 size=4e454h (320596) map[0m
[0;32mI (190) esp_image: segment 4: paddr=0007e47c vaddr=40378168 size=0f54ch ( 62796) load[0m
[0;32mI (202) esp_image: segment 5: paddr=0008d9d0 vaddr=600fe100 size=00018h (    24) load[0m
[0;32mI (209) boot: Loaded app from partition at offset 0x10000[0m
[0;32mI (209) boot: Disabling RNG early entropy source...[0m
[0;32mI (223) octal_psram: ECC is enabled[0m
[0;32mI (223) octal_psram: vendor id    : 0x0d (AP)[0m
[0;32mI (223) octal_psram: dev id       : 0x02 (generation 3)[0m
[0;32mI (227) octal_psram: density      : 0x03 (64 Mbit)[0m
[0;32mI (232) octal_psram: good-die     : 0x01 (Pass)[0m
[0;32mI (237) octal_psram: Latency      : 0x01 (Fixed)[0m
[0;32mI (243) octal_psram: VCC          : 0x01 (3V)[0m
[0;32mI (248) octal_psram: SRF          : 0x01 (Fast Refresh)[0m
[0;32mI (254) octal_psram: BurstType    : 0x00 ( Wrap)[0m
[0;32mI (259) octal_psram: BurstLen     : 0x03 (1024 Byte)[0m
[0;32mI (264) octal_psram: Readlatency  : 0x02 (10 cycles@Fixed)[0m
[0;32mI (271) octal_psram: DriveStrength: 0x00 (1/1)[0m
[0;32mI (276) MSPI Timing: PSRAM timing tuning index: 5[0m
[0;32mI (281) esp_psram: Found 8MB PSRAM device[0m
[0;32mI (286) esp_psram: Speed: 80MHz[0m
[0;32mI (318) mmu_psram: Instructions copied and mapped to SPIRAM[0m
[0;32mI (319) cpu_start: Multicore app[0m
[0;32mI (722) esp_psram: SPI SRAM memory test OK[0m
[0;32mI (731) cpu_start: Pro cpu start user code[0m
[0;32mI (731) cpu_start: cpu freq: 240000000 Hz[0m
[0;32mI (731) app_init: Application information:[0m
[0;32mI (734) app_init: Project name:     ZX4D30NE01S[0m
[0;32mI (739) app_init: App version:      1[0m
[0;32mI (743) app_init: Compile time:     Oct 10 2024 14:35:07[0m
[0;32mI (749) app_init: ELF file SHA256:  a342e533ff593954...[0m
[0;32mI (755) app_init: ESP-IDF:          v5.4-dev-3489-g6e5a178b31-dirty[0m
[0;32mI (762) efuse_init: Min chip rev:     v0.0[0m
[0;32mI (767) efuse_init: Max chip rev:     v0.99 [0m
[0;32mI (772) efuse_init: Chip rev:         v0.1[0m
[0;32mI (777) heap_init: Initializing. RAM available for dynamic allocation:[0m
[0;32mI (784) heap_init: At 3FC9C1C0 len 0004D550 (309 KiB): RAM[0m
[0;32mI (790) heap_init: At 3FCE9710 len 00005724 (21 KiB): RAM[0m
[0;32mI (796) heap_init: At 600FE118 len 00001ED0 (7 KiB): RTCRAM[0m
[0;32mI (803) esp_psram: Adding pool of 7360K of PSRAM memory to heap allocator[0m
[0;32mI (810) spi_flash: detected chip: generic[0m
[0;32mI (815) spi_flash: flash io: qio[0m
[0;32mI (819) sleep_gpio: Configure to isolate all GPIO pins in sleep state[0m
[0;32mI (826) sleep_gpio: Enable automatic switching of GPIO sleep configuration[0m
[0;32mI (834) main_task: Started on CPU0[0m
[0;32mI (838) esp_psram: Reserving pool of 32K of internal memory for DMA/internal allocations[0m
[0;32mI (847) main_task: Calling app_main()[0m
[0;33mW (851) websocket_client: `reconnect_timeout_ms` is not set, or it is less than or equal to zero, using default time out 10000 (milliseconds)[0m
[0;33mW (864) websocket_client: `network_timeout_ms` is not set, or it is less than or equal to zero, using default time out 10000 (milliseconds)[0m

assert failed: tcpip_send_msg_wait_sem /IDF/components/lwip/lwip/src/api/tcpip.c:454 (Invalid mbox)


Backtrace: 0x40379e05:0x3fcaaed0 0x4037f231:0x3fcaaef0 0x4038586d:0x3fcaaf10 0x4202e609:0x3fcab030 0x42039a15:0x3fcab060 0x4202cba8:0x3fcab0a0 0x4200ed25:0x3fcab110 0x4200f4dd:0x3fcab1a0 0x420109d7:0x3fcab1c0 0x4204a0e9:0x3fcab1e0 0x42010e9d:0x3fcab200 0x4204a0e9:0x3fcab320 0x4200b3ad:0x3fcab340




ELF file SHA256: a342e533ff593954

Rebooting...
ESP-ROM:esp32s3-20210327
Build:Mar 27 2021
rst:0xc (RTC_SW_CPU_RST),boot:0xb (SPI_FAST_FLASH_BOOT)
Saved PC:0x40379d68
SPIWP:0xee
mode:DIO, clock div:1
load:0x3fce2820,len:0x1a00
load:0x403c8700,len:0x4
load:0x403c8704,len:0xec4
load:0x403cb700,len:0x314c
entry 0x403c8950
[0;32mI (26) boot: ESP-IDF v5.4-dev-3489-g6e5a178b31-dirty 2nd stage bootloader[0m
[0;32mI (26) boot: compile time Oct 10 2024 14:36:50[0m
[0;32mI (27) boot: Multicore bootloader[0m
[0;32mI (31) boot: chip revision: v0.1[0m
[0;32mI (35) boot: efuse block revision: v1.2[0m
[0;32mI (40) qio_mode: Enabling default flash chip QIO[0m
[0;32mI (45) boot.esp32s3: Boot SPI Speed : 80MHz[0m
[0;32mI (50) boot.esp32s3: SPI Mode       : QIO[0m
[0;32mI (54) boot.esp32s3: SPI Flash Size : 16MB[0m
[0;32mI (59) boot: Enabling RNG early entropy source...[0m
[0;32mI (65) boot: Partition Table:[0m
[0;32mI (68) boot: ## Label            Usage          Type ST Offset   Length[0m
[0;32mI (76) boot:  0 nvs              WiFi data        01 02 00009000 00006000[0m
[0;32mI (83) boot:  1 phy_init         RF data          01 01 0000f000 00001000[0m
[0;32mI (91) boot:  2 factory          factory app      00 00 00010000 00300000[0m
[0;32mI (98) boot: End of partition table[0m
[0;32mI (102) esp_image: segment 0: paddr=00010020 vaddr=3c050020 size=1cb78h (117624) map[0m
[0;32mI (128) esp_image: segment 1: paddr=0002cba0 vaddr=3fc97700 size=03308h ( 13064) load[0m
[0;32mI (131) esp_image: segment 2: paddr=0002feb0 vaddr=40378000 size=00168h (   360) load[0m
[0;32mI (134) esp_image: segment 3: paddr=00030020 vaddr=42000020 size=4e454h (320596) map[0m
[0;32mI (190) esp_image: segment 4: paddr=0007e47c vaddr=40378168 size=0f54ch ( 62796) load[0m
[0;32mI (202) esp_image: segment 5: paddr=0008d9d0 vaddr=600fe100 size=00018h (    24) load[0m
[0;32mI (209) boot: Loaded app from partition at offset 0x10000[0m
[0;32mI (209) boot: Disabling RNG early entropy source...[0m
[0;32mI (223) octal_psram: ECC is enabled[0m
[0;32mI (223) octal_psram: vendor id    : 0x0d (AP)[0m
[0;32mI (223) octal_psram: dev id       : 0x02 (generation 3)[0m
[0;32mI (227) octal_psram: density      : 0x03 (64 Mbit)[0m
[0;32mI (232) octal_psram: good-die     : 0x01 (Pass)[0m
[0;32mI (237) octal_psram: Latency      : 0x01 (Fixed)[0m
[0;32mI (243) octal_psram: VCC          : 0x01 (3V)[0m
[0;32mI (248) octal_psram: SRF          : 0x01 (Fast Refresh)[0m
[0;32mI (254) octal_psram: BurstType    : 0x00 ( Wrap)[0m
[0;32mI (259) octal_psram: BurstLen     : 0x03 (1024 Byte)[0m
[0;32mI (264) octal_psram: Readlatency  : 0x02 (10 cycles@Fixed)[0m
[0;32mI (271) octal_psram: DriveStrength: 0x00 (1/1)[0m
[0;32mI (276) MSPI Timing: PSRAM timing tuning index: 5[0m
[0;32mI (281) esp_psram: Found 8MB PSRAM device[0m
[0;32mI (286) esp_psram: Speed: 80MHz[0m
[0;32mI (319) mmu_psram: Instructions copied and mapped to SPIRAM[0m
[0;32mI (319) cpu_start: Multicore app[0m
[0;32mI (722) esp_psram: SPI SRAM memory test OK[0m
[0;32mI (731) cpu_start: Pro cpu start user code[0m
[0;32mI (731) cpu_start: cpu freq: 240000000 Hz[0m
[0;32mI (731) app_init: Application information:[0m
[0;32mI (734) app_init: Project name:     ZX4D30NE01S[0m
[0;32mI (739) app_init: App version:      1[0m
[0;32mI (743) app_init: Compile time:     Oct 10 2024 14:35:07[0m
[0;32mI (749) app_init: ELF file SHA256:  a342e533ff593954...[0m
[0;32mI (755) app_init: ESP-IDF:          v5.4-dev-3489-g6e5a178b31-dirty[0m
[0;32mI (762) efuse_init: Min chip rev:     v0.0[0m
[0;32mI (767) efuse_init: Max chip rev:     v0.99 [0m
[0;32mI (772) efuse_init: Chip rev:         v0.1[0m
[0;32mI (777) heap_init: Initializing. RAM available for dynamic allocation:[0m
[0;32mI (784) heap_init: At 3FC9C1C0 len 0004D550 (309 KiB): RAM[0m
[0;32mI (790) heap_init: At 3FCE9710 len 00005724 (21 KiB): RAM[0m
[0;32mI (796) heap_init: At 600FE118 len 00001ED0 (7 KiB): RTCRAM[0m
[0;32mI (803) esp_psram: Adding pool of 7360K of PSRAM memory to heap allocator[0m
[0;32mI (810) spi_flash: detected chip: generic[0m
[0;32mI (815) spi_flash: flash io: qio[0m
[0;32mI (819) sleep_gpio: Configure to isolate all GPIO pins in sleep state[0m
[0;32mI (826) sleep_gpio: Enable automatic switching of GPIO sleep configuration[0m
[0;32mI (834) main_task: Started on CPU0[0m
[0;32mI (838) esp_psram: Reserving pool of 32K of internal memory for DMA/internal allocations[0m
[0;32mI (847) main_task: Calling app_main()[0m
[0;33mW (851) websocket_client: `reconnect_timeout_ms` is not set, or it is less than or equal to zero, using default time out 10000 (milliseconds)[0m
[0;33mW (864) websocket_client: `network_timeout_ms` is not set, or it is less than or equal to zero, using default time out 10000 (milliseconds)[0m

assert failed: tcpip_send_msg_wait_sem /IDF/components/lwip/lwip/src/api/tcpip.c:454 (Invalid mbox)


Backtrace: 0x40379e05:0x3fcaaed0 0x4037f231:0x3fcaaef0 0x4038586d:0x3fcaaf10 0x4202e609:0x3fcab030 0x42039a15:0x3fcab060 0x4202cba8:0x3fcab0a0 0x4200ed25:0x3fcab110 0x4200f4dd:0x3fcab1a0 0x420109d7:0x3fcab1c0 0x4204a0e9:0x3fcab1e0 0x42010e9d:0x3fcab200 0x4204a0e9:0x3fcab320 0x4200b3ad:0x3fcab340




ELF file SHA256: a342e533ff593954

Rebooting...
ESP-ROM:esp32s3-20210327
Build:Mar 27 2021
rst:0xc (RTC_SW_CPU_RST),boot:0xb (SPI_FAST_FLASH_BOOT)
Saved PC:0x40379d68
SPIWP:0xee
mode:DIO, clock div:1
load:0x3fce2820,len:0x1a00
load:0x403c8700,len:0x4
load:0x403c8704,len:0xec4
load:0x403cb700,len:0x314c
entry 0x403c8950
[0;32mI (26) boot: ESP-IDF v5.4-dev-3489-g6e5a178b31-dirty 2nd stage bootloader[0m
[0;32mI (26) boot: compile time Oct 10 2024 14:36:50[0m
[0;32mI (27) boot: Multicore bootloader[0m
[0;32mI (31) boot: chip revision: v0.1[0m
[0;32mI (35) boot: efuse block revision: v1.2[0m
[0;32mI (40) qio_mode: Enabling default flash chip QIO[0m
[0;32mI (45) boot.esp32s3: Boot SPI Speed : 80MHz[0m
[0;32mI (50) boot.esp32s3: SPI Mode       : QIO[0m
[0;32mI (54) boot.esp32s3: SPI Flash Size : 16MB[0m
[0;32mI (59) boot: Enabling RNG early entropy source...[0m
[0;32mI (65) boot: Partition Table:[0m
[0;32mI (68) boot: ## Label            Usage          Type ST Offset   Length[0m
[0;32mI (76) boot:  0 nvs              WiFi data        01 02 00009000 00006000[0m
[0;32mI (83) boot:  1 phy_init         RF data          01 01 0000f000 00001000[0m
[0;32mI (91) boot:  2 factory          factory app      00 00 00010000 00300000[0m
[0;32mI (98) boot: End of partition table[0m
[0;32mI (102) esp_image: segment 0: paddr=00010020 vaddr=3c050020 size=1cb78h (117624) map[0m
[0;32mI (128) esp_image: segment 1: paddr=0002cba0 vaddr=3fc97700 size=03308h ( 13064) load[0m
[0;32mI (131) esp_image: segment 2: paddr=0002feb0 vaddr=40378000 size=00168h (   360) load[0m
[0;32mI (134) esp_image: segment 3: paddr=00030020 vaddr=42000020 size=4e454h (320596) map[0m
[0;32mI (190) esp_image: segment 4: paddr=0007e47c vaddr=40378168 size=0f54ch ( 62796) load[0m
[0;32mI (202) esp_image: segment 5: paddr=0008d9d0 vaddr=600fe100 size=00018h (    24) load[0m
[0;32mI (209) boot: Loaded app from partition at offset 0x10000[0m
[0;32mI (209) boot: Disabling RNG early entropy source...[0m
[0;32mI (223) octal_psram: ECC is enabled[0m
[0;32mI (223) octal_psram: vendor id    : 0x0d (AP)[0m
[0;32mI (223) octal_psram: dev id       : 0x02 (generation 3)[0m
[0;32mI (227) octal_psram: density      : 0x03 (64 Mbit)[0m
[0;32mI (232) octal_psram: good-die     : 0x01 (Pass)[0m
[0;32mI (237) octal_psram: Latency      : 0x01 (Fixed)[0m
[0;32mI (243) octal_psram: VCC          : 0x01 (3V)[0m
[0;32mI (248) octal_psram: SRF          : 0x01 (Fast Refresh)[0m
[0;32mI (254) octal_psram: BurstType    : 0x00 ( Wrap)[0m
[0;32mI (259) octal_psram: BurstLen     : 0x03 (1024 Byte)[0m
[0;32mI (264) octal_psram: Readlatency  : 0x02 (10 cycles@Fixed)[0m
[0;32mI (271) octal_psram: DriveStrength: 0x00 (1/1)[0m
[0;32mI (276) MSPI Timing: PSRAM timing tuning index: 5[0m
[0;32mI (281) esp_psram: Found 8MB PSRAM device[0m
[0;32mI (286) esp_psram: Speed: 80MHz[0m
[0;32mI (319) mmu_psram: Instructions copied and mapped to SPIRAM[0m
[0;32mI (319) cpu_start: Multicore app[0m
[0;32mI (722) esp_psram: SPI SRAM memory test OK[0m
[0;32mI (731) cpu_start: Pro cpu start user code[0m
[0;32mI (731) cpu_start: cpu freq: 240000000 Hz[0m
[0;32mI (731) app_init: Application information:[0m
[0;32mI (734) app_init: Project name:     ZX4D30NE01S[0m
[0;32mI (739) app_init: App version:      1[0m
[0;32mI (743) app_init: Compile time:     Oct 10 2024 14:35:07[0m
[0;32mI (749) app_init: ELF file SHA256:  a342e533ff593954...[0m
[0;32mI (755) app_init: ESP-IDF:          v5.4-dev-3489-g6e5a178b31-dirty[0m
[0;32mI (762) efuse_init: Min chip rev:     v0.0[0m
[0;32mI (767) efuse_init: Max chip rev:     v0.99 [0m
[0;32mI (772) efuse_init: Chip rev:         v0.1[0m
[0;32mI (777) heap_init: Initializing. RAM available for dynamic allocation:[0m
[0;32mI (784) heap_init: At 3FC9C1C0 len 0004D550 (309 KiB): RAM[0m
[0;32mI (790) heap_init: At 3FCE9710 len 00005724 (21 KiB): RAM[0m
[0;32mI (796) heap_init: At 600FE118 len 00001ED0 (7 KiB): RTCRAM[0m
[0;32mI (803) esp_psram: Adding pool of 7360K of PSRAM memory to heap allocator[0m
[0;32mI (810) spi_flash: detected chip: generic[0m
[0;32mI (815) spi_flash: flash io: qio[0m
[0;32mI (819) sleep_gpio: Configure to isolate all GPIO pins in sleep state[0m
[0;32mI (826) sleep_gpio: Enable automatic switching of GPIO sleep configuration[0m
[0;32mI (834) main_task: Started on CPU0[0m
[0;32mI (838) esp_psram: Reserving pool of 32K of internal memory for DMA/internal allocations[0m
[0;32mI (847) main_task: Calling app_main()[0m
[0;33mW (851) websocket_client: `reconnect_timeout_ms` is not set, or it is less than or equal to zero, using default time out 10000 (milliseconds)[0m
[0;33mW (864) websocket_client: `network_timeout_ms` is not set, or it is less than or equal to zero, using default time out 10000 (milliseconds)[0m

assert failed: tcpip_send_msg_wait_sem /IDF/components/lwip/lwip/src/api/tcpip.c:454 (Invalid mbox)


